Archive member included to satisfy reference by file (symbol)

d:\projectnightsky\BIG DRONE\new_fc_pico\.vscode\build/core\core.a(main.cpp.o)
                              c:/users/kevin/appdata/local/arduino15/packages/rp2040/tools/pqt-gcc/1.4.0-c-0196c06/bin/../lib/gcc/arm-none-eabi/10.3.0/../../../../arm-none-eabi/lib/thumb/crt0.o (main)
d:\projectnightsky\BIG DRONE\new_fc_pico\.vscode\build/core\core.a(wiring_private.cpp.o)
                              d:\projectnightsky\BIG DRONE\new_fc_pico\.vscode\build/core\core.a(main.cpp.o) (interrupts)
d:\projectnightsky\BIG DRONE\new_fc_pico\.vscode\build/core\core.a(RP2040USB.cpp.o)
                              d:\projectnightsky\BIG DRONE\new_fc_pico\.vscode\build/core\core.a(main.cpp.o) (_Z10__USBStartv)
d:\projectnightsky\BIG DRONE\new_fc_pico\.vscode\build/core\core.a(SerialUSB.cpp.o)
                              d:\projectnightsky\BIG DRONE\new_fc_pico\.vscode\build/core\core.a(main.cpp.o) (_ZN9SerialUSB5beginEm)
d:\projectnightsky\BIG DRONE\new_fc_pico\.vscode\build/core\core.a(delay.cpp.o)
                              d:\projectnightsky\BIG DRONE\new_fc_pico\.vscode\build/core\core.a(main.cpp.o) (delay)
C:\Users\kevin\AppData\Local\Arduino15\packages\rp2040\hardware\rp2040\2.4.1/lib/libpico.a(sync.c.obj)
                              d:\projectnightsky\BIG DRONE\new_fc_pico\.vscode\build/core\core.a(main.cpp.o) (next_striped_spin_lock_num)
C:\Users\kevin\AppData\Local\Arduino15\packages\rp2040\hardware\rp2040\2.4.1/lib/libpico.a(gpio.c.obj)
                              d:\projectnightsky\BIG DRONE\new_fc_pico\.vscode\build/core\core.a(wiring_private.cpp.o) (gpio_set_irq_enabled)
C:\Users\kevin\AppData\Local\Arduino15\packages\rp2040\hardware\rp2040\2.4.1/lib/libpico.a(irq.c.obj)
                              d:\projectnightsky\BIG DRONE\new_fc_pico\.vscode\build/core\core.a(main.cpp.o) (irq_set_enabled)
C:\Users\kevin\AppData\Local\Arduino15\packages\rp2040\hardware\rp2040\2.4.1/lib/libpico.a(irq_handler_chain.S.obj)
                              C:\Users\kevin\AppData\Local\Arduino15\packages\rp2040\hardware\rp2040\2.4.1/lib/libpico.a(irq.c.obj) (irq_handler_chain_slots)
C:\Users\kevin\AppData\Local\Arduino15\packages\rp2040\hardware\rp2040\2.4.1/lib/libpico.a(time.c.obj)
                              d:\projectnightsky\BIG DRONE\new_fc_pico\.vscode\build/core\core.a(RP2040USB.cpp.o) (alarm_pool_get_default)
C:\Users\kevin\AppData\Local\Arduino15\packages\rp2040\hardware\rp2040\2.4.1/lib/libpico.a(timer.c.obj)
                              C:\Users\kevin\AppData\Local\Arduino15\packages\rp2040\hardware\rp2040\2.4.1/lib/libpico.a(time.c.obj) (hardware_alarm_claim)
C:\Users\kevin\AppData\Local\Arduino15\packages\rp2040\hardware\rp2040\2.4.1/lib/libpico.a(pheap.c.obj)
                              C:\Users\kevin\AppData\Local\Arduino15\packages\rp2040\hardware\rp2040\2.4.1/lib/libpico.a(time.c.obj) (ph_post_alloc_init)
C:\Users\kevin\AppData\Local\Arduino15\packages\rp2040\hardware\rp2040\2.4.1/lib/libpico.a(queue.c.obj)
                              d:\projectnightsky\BIG DRONE\new_fc_pico\.vscode\build/core\core.a(main.cpp.o) (queue_init_with_spinlock)
C:\Users\kevin\AppData\Local\Arduino15\packages\rp2040\hardware\rp2040\2.4.1/lib/libpico.a(mutex.c.obj)
                              d:\projectnightsky\BIG DRONE\new_fc_pico\.vscode\build/core\core.a(main.cpp.o) (mutex_init)
C:\Users\kevin\AppData\Local\Arduino15\packages\rp2040\hardware\rp2040\2.4.1/lib/libpico.a(exception.c.obj)
                              d:\projectnightsky\BIG DRONE\new_fc_pico\.vscode\build/core\core.a(main.cpp.o) (exception_set_exclusive_handler)
C:\Users\kevin\AppData\Local\Arduino15\packages\rp2040\hardware\rp2040\2.4.1/lib/libpico.a(bootrom.c.obj)
                              d:\projectnightsky\BIG DRONE\new_fc_pico\.vscode\build/core\core.a(SerialUSB.cpp.o) (rom_func_lookup)
C:\Users\kevin\AppData\Local\Arduino15\packages\rp2040\hardware\rp2040\2.4.1/lib/libpico.a(pio.c.obj)
                              d:\projectnightsky\BIG DRONE\new_fc_pico\.vscode\build/core\core.a(main.cpp.o) (pio_claim_unused_sm)
C:\Users\kevin\AppData\Local\Arduino15\packages\rp2040\hardware\rp2040\2.4.1/lib/libpico.a(bit_ops_aeabi.S.obj)
                              C:\Users\kevin\AppData\Local\Arduino15\packages\rp2040\hardware\rp2040\2.4.1/lib/libpico.a(pio.c.obj) (__wrap___ctzsi2)
C:\Users\kevin\AppData\Local\Arduino15\packages\rp2040\hardware\rp2040\2.4.1/lib/libpico.a(unique_id.c.obj)
                              d:\projectnightsky\BIG DRONE\new_fc_pico\.vscode\build/core\core.a(RP2040USB.cpp.o) (pico_get_unique_board_id_string)
C:\Users\kevin\AppData\Local\Arduino15\packages\rp2040\hardware\rp2040\2.4.1/lib/libpico.a(stdlib.c.obj)
                              d:\projectnightsky\BIG DRONE\new_fc_pico\.vscode\build/core\core.a(main.cpp.o) (set_sys_clock_pll)
C:\Users\kevin\AppData\Local\Arduino15\packages\rp2040\hardware\rp2040\2.4.1/lib/libpico.a(runtime.c.obj)
[...]
Memory Configuration

Name             Origin             Length             Attributes
FLASH            0x10000000         0x001ff000         xr
RAM              0x20000000         0x00040000         xrw
SCRATCH_X        0x20040000         0x00001000         xrw
SCRATCH_Y        0x20041000         0x00001000         xrw
*default*        0x00000000         0xffffffff

Linker script and memory map

LOAD c:/users/kevin/appdata/local/arduino15/packages/rp2040/tools/pqt-gcc/1.4.0-c-0196c06/bin/../lib/gcc/arm-none-eabi/10.3.0/thumb/crti.o
LOAD c:/users/kevin/appdata/local/arduino15/packages/rp2040/tools/pqt-gcc/1.4.0-c-0196c06/bin/../lib/gcc/arm-none-eabi/10.3.0/thumb/crtbegin.o
LOAD c:/users/kevin/appdata/local/arduino15/packages/rp2040/tools/pqt-gcc/1.4.0-c-0196c06/bin/../lib/gcc/arm-none-eabi/10.3.0/../../../../arm-none-eabi/lib/thumb/crt0.o
                [!provide]                PROVIDE (_EEPROM_start = 0x101ff000)
                [!provide]                PROVIDE (_FS_start = 0x101ff000)
                [!provide]                PROVIDE (_FS_end = 0x101ff000)

.flash_begin    0x10000000        0x0
                0x10000000                __flash_binary_start = .

.boot2          0x10000000      0x100
                0x10000000                __boot2_start__ = .
 *(.boot2)
 .boot2         0x10000000      0x100 d:\projectnightsky\BIG DRONE\new_fc_pico\.vscode\build/boot2.o
                0x10000100                __boot2_end__ = .
                0x00000001                ASSERT (((__boot2_end__ - __boot2_start__) == 0x100), ERROR: Pico second stage bootloader must be 256 bytes in size)

.ota            0x10000100     0x26ac
 *(.OTA)
 .OTA           0x10000100     0x26ac C:\Users\kevin\AppData\Local\Arduino15\packages\rp2040\hardware\rp2040\2.4.1/lib/ota.o
                0x10000100                _binary_ota_bin_start
                0x100027ac                _binary_ota_bin_end

.partition      0x100027ac      0x854
                0x10002ff0                . = (__flash_binary_start + 0x2ff0)
 *fill*         0x100027ac      0x844 
                0x10002ff0        0x4 LONG 0x101ff000
                0x10002ff4        0x4 LONG 0x101ff000
                0x10002ff8        0x4 LONG 0x101ff000
                0x10002ffc        0x4 LONG 0x1ff000

.text           0x10003000     0xbbc8
                0x10003000                __logical_binary_start = .
 *(.vectors)
 .vectors       0x10003000       0xd4 C:\Users\kevin\AppData\Local\Arduino15\packages\rp2040\hardware\rp2040\2.4.1/lib/libpico.a(crt0.S.obj)
                0x10003000                __VECTOR_TABLE
                0x10003000                __vectors
                0x100030c0                isr_invalid
                0x100030c0                __default_isrs_start
                0x100030c2                isr_nmi
                0x100030c4                isr_hardfault
                0x100030c6                isr_svcall
                0x100030c8                isr_pendsv
                0x100030ca                isr_systick
                0x100030cc                isr_irq23
                0x100030cc                isr_irq18
                0x100030cc                isr_irq11
                0x100030cc                isr_irq28
                0x100030cc                isr_irq19
                0x100030cc                isr_irq0
                0x100030cc                isr_irq6
                0x100030cc                isr_irq5
                0x100030cc                isr_irq12
                0x100030cc                isr_irq22
                0x100030cc                isr_irq31
                0x100030cc                isr_irq17
                0x100030cc                isr_irq27
                0x100030cc                isr_irq30
                0x100030cc                isr_irq2
                0x100030cc                isr_irq10
                0x100030cc                isr_irq8
                0x100030cc                isr_irq24
                0x100030cc                isr_irq1
                0x100030cc                isr_irq7
                0x100030cc                isr_irq21
                0x100030cc                isr_irq20
                0x100030cc                isr_irq15
                0x100030cc                isr_irq25
                0x100030cc                isr_irq13
                0x100030cc                __unhandled_user_irq
                0x100030cc                isr_irq4
                0x100030cc                isr_irq16
                0x100030cc                isr_irq29
                0x100030cc                isr_irq26
                0x100030cc                __default_isrs_end
                0x100030cc                isr_irq3
                0x100030cc                isr_irq14
                0x100030cc                isr_irq9
                0x100030d2                unhandled_user_irq_num_in_r0
 *(.binary_info_header)
 .binary_info_header
                0x100030d4       0x14 C:\Users\kevin\AppData\Local\Arduino15\packages\rp2040\hardware\rp2040\2.4.1/lib/libpico.a(crt0.S.obj)
                0x100030e8                __binary_info_header_end = .
 *(.reset)
 .reset         0x100030e8       0xa8 C:\Users\kevin\AppData\Local\Arduino15\packages\rp2040\hardware\rp2040\2.4.1/lib/libpico.a(crt0.S.obj)
                0x100030e8                _entry_point
                0x10003166                __get_current_exception
 *(.init)
 .init          0x10003190        0x4 c:/users/kevin/appdata/local/arduino15/packages/rp2040/tools/pqt-gcc/1.4.0-c-0196c06/bin/../lib/gcc/arm-none-eabi/10.3.0/thumb/crti.o
                0x10003190                _init
 *(EXCLUDE_FILE(*libm.a: *libc.a:*lib_a-mem*.o *libgcc.a:) .text*)
 .text          0x10003194       0x98 c:/users/kevin/appdata/local/arduino15/packages/rp2040/tools/pqt-gcc/1.4.0-c-0196c06/bin/../lib/gcc/arm-none-eabi/10.3.0/thumb/crtbegin.o
 .text.setup    0x1000322c        0x2 d:\projectnightsky\BIG DRONE\new_fc_pico\.vscode\build\sketch\main.ino.cpp.o
                0x1000322c                setup
 .text.loop     0x1000322e        0x2 d:\projectnightsky\BIG DRONE\new_fc_pico\.vscode\build\sketch\main.ino.cpp.o
                0x1000322e                loop
 .text._ZN6RP204015_SystickHandlerEv
                0x10003230       0x1c d:\projectnightsky\BIG DRONE\new_fc_pico\.vscode\build/core\core.a(main.cpp.o)
                0x10003230                _ZN6RP204015_SystickHandlerEv
 .text._ZN6_MFIFO12registerCoreEv.part.0
                0x1000324c       0x24 d:\projectnightsky\BIG DRONE\new_fc_pico\.vscode\build/core\core.a(main.cpp.o)
 .text.main1    0x10003270       0x30 d:\projectnightsky\BIG DRONE\new_fc_pico\.vscode\build/core\core.a(main.cpp.o)
                0x10003270                main1
 .text._ZN6_MFIFO5beginEi.part.0.constprop.0
                0x100032a0       0x3c d:\projectnightsky\BIG DRONE\new_fc_pico\.vscode\build/core\core.a(main.cpp.o)
 .text._ZN6RP20405beginEv
                0x100032dc      0x154 d:\projectnightsky\BIG DRONE\new_fc_pico\.vscode\build/core\core.a(main.cpp.o)
                0x100032dc                _ZN6RP20405beginEv
 .text.initVariant
                0x10003430        0x2 d:\projectnightsky\BIG DRONE\new_fc_pico\.vscode\build/core\core.a(main.cpp.o)
                0x10003430                initVariant
 *fill*         0x10003432        0x2 
 .text._Z6__loopv
                0x10003434       0x30 d:\projectnightsky\BIG DRONE\new_fc_pico\.vscode\build/core\core.a(main.cpp.o)
                0x10003434                _Z6__loopv
 .text.__wrap___getreent
                0x10003464       0x1c d:\projectnightsky\BIG DRONE\new_fc_pico\.vscode\build/core\core.a(main.cpp.o)
                0x10003464                __wrap___getreent
 .text.startup._GLOBAL__sub_I_rp2040
                0x10003480       0x14 d:\projectnightsky\BIG DRONE\new_fc_pico\.vscode\build/core\core.a(main.cpp.o)
 .text.startup.main
                0x10003494      0x128 d:\projectnightsky\BIG DRONE\new_fc_pico\.vscode\build/core\core.a(main.cpp.o)
                0x10003494                main
 .text._ZN9CoreMutexC2EP5mutex
                0x100035bc       0x30 d:\projectnightsky\BIG DRONE\new_fc_pico\.vscode\build/core\core.a(wiring_private.cpp.o)
                0x100035bc                _ZN9CoreMutexC1EP5mutex
                0x100035bc                _ZN9CoreMutexC2EP5mutex
 .text._ZN9CoreMutexD2Ev
                0x100035ec       0x14 d:\projectnightsky\BIG DRONE\new_fc_pico\.vscode\build/core\core.a(wiring_private.cpp.o)
                0x100035ec                _ZN9CoreMutexD1Ev
                0x100035ec                _ZN9CoreMutexD2Ev
 .text._ZNSt5dequeImSaImEE4backEv
                0x10003600       0x18 d:\projectnightsky\BIG DRONE\new_fc_pico\.vscode\build/core\core.a(wiring_private.cpp.o)
                0x10003600                _ZNSt5dequeImSaImEE4backEv
 .text.interrupts
                0x10003618       0x58 d:\projectnightsky\BIG DRONE\new_fc_pico\.vscode\build/core\core.a(wiring_private.cpp.o)
                0x10003618                interrupts
 .text.noInterrupts
                0x10003670      0x164 d:\projectnightsky\BIG DRONE\new_fc_pico\.vscode\build/core\core.a(wiring_private.cpp.o)
                0x10003670                noInterrupts
 .text.startup._GLOBAL__sub_I_interrupts
                0x100037d4       0x74 d:\projectnightsky\BIG DRONE\new_fc_pico\.vscode\build/core\core.a(wiring_private.cpp.o)
 .text._ZL10timer_tasklPv
                0x10003848       0x18 d:\projectnightsky\BIG DRONE\new_fc_pico\.vscode\build/core\core.a(RP2040USB.cpp.o)
 .text._ZL7usb_irqv
                0x10003860       0x20 d:\projectnightsky\BIG DRONE\new_fc_pico\.vscode\build/core\core.a(RP2040USB.cpp.o)
 .text._ZL20update_us_since_bootP15absolute_time_ty.part.0
                0x10003880       0x1c d:\projectnightsky\BIG DRONE\new_fc_pico\.vscode\build/core\core.a(RP2040USB.cpp.o)
 .text.tud_descriptor_device_cb
                0x1000389c       0xa8 d:\projectnightsky\BIG DRONE\new_fc_pico\.vscode\build/core\core.a(RP2040USB.cpp.o)
                0x1000389c                tud_descriptor_device_cb
 .text._Z20__SetupDescHIDReportv
                0x10003944      0x254 d:\projectnightsky\BIG DRONE\new_fc_pico\.vscode\build/core\core.a(RP2040USB.cpp.o)
                0x10003944                _Z20__SetupDescHIDReportv
 .text.tud_hid_descriptor_report_cb
                0x10003b98        0xc d:\projectnightsky\BIG DRONE\new_fc_pico\.vscode\build/core\core.a(RP2040USB.cpp.o)
                0x10003b98                tud_hid_descriptor_report_cb
 .text.tud_descriptor_configuration_cb
                0x10003ba4        0xc d:\projectnightsky\BIG DRONE\new_fc_pico\.vscode\build/core\core.a(RP2040USB.cpp.o)
                0x10003ba4                tud_descriptor_configuration_cb
 .text._Z20__SetupUSBDescriptorv
                0x10003bb0      0x32c d:\projectnightsky\BIG DRONE\new_fc_pico\.vscode\build/core\core.a(RP2040USB.cpp.o)
                0x10003bb0                _Z20__SetupUSBDescriptorv
 .text.tud_descriptor_string_cb
                0x10003edc       0x68 d:\projectnightsky\BIG DRONE\new_fc_pico\.vscode\build/core\core.a(RP2040USB.cpp.o)
                0x10003edc                tud_descriptor_string_cb
 .text._Z10__USBStartv
                0x10003f44       0x7c d:\projectnightsky\BIG DRONE\new_fc_pico\.vscode\build/core\core.a(RP2040USB.cpp.o)
                0x10003f44                _Z10__USBStartv
 .text.tud_hid_get_report_cb
                0x10003fc0        0x4 d:\projectnightsky\BIG DRONE\new_fc_pico\.vscode\build/core\core.a(RP2040USB.cpp.o)
                0x10003fc0                tud_hid_get_report_cb
 .text.tud_hid_set_report_cb
                0x10003fc4        0x2 d:\projectnightsky\BIG DRONE\new_fc_pico\.vscode\build/core\core.a(RP2040USB.cpp.o)
                0x10003fc4                tud_hid_set_report_cb
 .text._ZN9SerialUSB5beginEmt
                0x10003fc6        0xa d:\projectnightsky\BIG DRONE\new_fc_pico\.vscode\build/core\core.a(SerialUSB.cpp.o)
                0x10003fc6                _ZN9SerialUSB5beginEmt
 .text._ZN9SerialUSB5beginEm
                0x10003fd0        0xc d:\projectnightsky\BIG DRONE\new_fc_pico\.vscode\build/core\core.a(SerialUSB.cpp.o)
                0x10003fd0                _ZN9SerialUSB5beginEm
 .text._ZN9SerialUSB3endEv
                0x10003fdc        0x2 d:\projectnightsky\BIG DRONE\new_fc_pico\.vscode\build/core\core.a(SerialUSB.cpp.o)
                0x10003fdc                _ZN9SerialUSB3endEv
 .text._ZN9SerialUSB5writeEh
                0x10003fde       0x14 d:\projectnightsky\BIG DRONE\new_fc_pico\.vscode\build/core\core.a(SerialUSB.cpp.o)
                0x10003fde                _ZN9SerialUSB5writeEh
 *fill*         0x10003ff2        0x2 
 .text._ZL16CheckSerialResetv
                0x10003ff4       0x34 d:\projectnightsky\BIG DRONE\new_fc_pico\.vscode\build/core\core.a(SerialUSB.cpp.o)
 .text._ZN9SerialUSB4peekEv
                0x10004028       0x44 d:\projectnightsky\BIG DRONE\new_fc_pico\.vscode\build/core\core.a(SerialUSB.cpp.o)
                0x10004028                _ZN9SerialUSB4peekEv
 .text._ZN9SerialUSB4readEv
                0x1000406c       0x5c d:\projectnightsky\BIG DRONE\new_fc_pico\.vscode\build/core\core.a(SerialUSB.cpp.o)
                0x1000406c                _ZN9SerialUSB4readEv
 .text._ZN9SerialUSB9availableEv
                0x100040c8       0x34 d:\projectnightsky\BIG DRONE\new_fc_pico\.vscode\build/core\core.a(SerialUSB.cpp.o)
                0x100040c8                _ZN9SerialUSB9availableEv
 .text._ZN9SerialUSB17availableForWriteEv
                0x100040fc       0x34 d:\projectnightsky\BIG DRONE\new_fc_pico\.vscode\build/core\core.a(SerialUSB.cpp.o)
                0x100040fc                _ZN9SerialUSB17availableForWriteEv
 .text._ZN9SerialUSB5flushEv
                0x10004130       0x30 d:\projectnightsky\BIG DRONE\new_fc_pico\.vscode\build/core\core.a(SerialUSB.cpp.o)
                0x10004130                _ZN9SerialUSB5flushEv
 .text._ZN9SerialUSB5writeEPKhj
                0x10004160       0xd8 d:\projectnightsky\BIG DRONE\new_fc_pico\.vscode\build/core\core.a(SerialUSB.cpp.o)
                0x10004160                _ZN9SerialUSB5writeEPKhj
 .text._ZN9SerialUSBcvbEv
                0x10004238       0x34 d:\projectnightsky\BIG DRONE\new_fc_pico\.vscode\build/core\core.a(SerialUSB.cpp.o)
                0x10004238                _ZN9SerialUSBcvbEv
 .text._Z18__USBInstallSerialv
                0x1000426c        0x2 d:\projectnightsky\BIG DRONE\new_fc_pico\.vscode\build/core\core.a(SerialUSB.cpp.o)
                0x1000426c                _Z18__USBInstallSerialv
 *fill*         0x1000426e        0x2 
 .text.tud_cdc_line_state_cb
                0x10004270       0x10 d:\projectnightsky\BIG DRONE\new_fc_pico\.vscode\build/core\core.a(SerialUSB.cpp.o)
                0x10004270                tud_cdc_line_state_cb
 .text.tud_cdc_line_coding_cb
                0x10004280       0x24 d:\projectnightsky\BIG DRONE\new_fc_pico\.vscode\build/core\core.a(SerialUSB.cpp.o)
                0x10004280                tud_cdc_line_coding_cb
 .text._ZN7arduino14serialEventRunEv
                0x100042a4       0x20 d:\projectnightsky\BIG DRONE\new_fc_pico\.vscode\build/core\core.a(SerialUSB.cpp.o)
                0x100042a4                _ZN7arduino14serialEventRunEv
 .text.startup._GLOBAL__sub_I__Z18__USBInstallSerialv
                0x100042c4       0x20 d:\projectnightsky\BIG DRONE\new_fc_pico\.vscode\build/core\core.a(SerialUSB.cpp.o)
 .text.delay    0x100042e4        0xc d:\projectnightsky\BIG DRONE\new_fc_pico\.vscode\build/core\core.a(delay.cpp.o)
                0x100042e4                delay
 .text.spin_locks_reset
                0x100042f0       0x1c C:\Users\kevin\AppData\Local\Arduino15\packages\rp2040\hardware\rp2040\2.4.1/lib/libpico.a(sync.c.obj)
                0x100042f0                spin_locks_reset
 .text.next_striped_spin_lock_num
                0x1000430c       0x18 C:\Users\kevin\AppData\Local\Arduino15\packages\rp2040\hardware\rp2040\2.4.1/lib/libpico.a(sync.c.obj)
                0x1000430c                next_striped_spin_lock_num
 .text.spin_lock_claim_unused
                0x10004324       0x1c C:\Users\kevin\AppData\Local\Arduino15\packages\rp2040\hardware\rp2040\2.4.1/lib/libpico.a(sync.c.obj)
                0x10004324                spin_lock_claim_unused
 .text.set_raw_irq_handler_and_unlock
                0x10004340       0x28 C:\Users\kevin\AppData\Local\Arduino15\packages\rp2040\hardware\rp2040\2.4.1/lib/libpico.a(irq.c.obj)
 .text.irq_is_enabled
                0x10004368       0x18 C:\Users\kevin\AppData\Local\Arduino15\packages\rp2040\hardware\rp2040\2.4.1/lib/libpico.a(irq.c.obj)
                0x10004368                irq_is_enabled
 .text.irq_set_mask_enabled
                0x10004380       0x20 C:\Users\kevin\AppData\Local\Arduino15\packages\rp2040\hardware\rp2040\2.4.1/lib/libpico.a(irq.c.obj)
                0x10004380                irq_set_mask_enabled
 .text.irq_set_enabled
                0x100043a0        0xe C:\Users\kevin\AppData\Local\Arduino15\packages\rp2040\hardware\rp2040\2.4.1/lib/libpico.a(irq.c.obj)
                0x100043a0                irq_set_enabled
 *fill*         0x100043ae        0x2 
 .text.irq_set_pending
                0x100043b0       0x10 C:\Users\kevin\AppData\Local\Arduino15\packages\rp2040\hardware\rp2040\2.4.1/lib/libpico.a(irq.c.obj)
                0x100043b0                irq_set_pending
 .text.irq_get_vtable_handler
                0x100043c0       0x10 C:\Users\kevin\AppData\Local\Arduino15\packages\rp2040\hardware\rp2040\2.4.1/lib/libpico.a(irq.c.obj)
                0x100043c0                irq_get_vtable_handler
 .text.irq_set_exclusive_handler
                0x100043d0       0x40 C:\Users\kevin\AppData\Local\Arduino15\packages\rp2040\hardware\rp2040\2.4.1/lib/libpico.a(irq.c.obj)
                0x100043d0                irq_set_exclusive_handler
 .text.irq_remove_handler
                0x10004410      0x160 C:\Users\kevin\AppData\Local\Arduino15\packages\rp2040\hardware\rp2040\2.4.1/lib/libpico.a(irq.c.obj)
                0x10004410                irq_remove_handler
 .text.irq_add_tail_to_free_list
                0x10004570       0xa8 C:\Users\kevin\AppData\Local\Arduino15\packages\rp2040\hardware\rp2040\2.4.1/lib/libpico.a(irq.c.obj)
                0x10004570                irq_add_tail_to_free_list
 .text.irq_init_priorities
                0x10004618       0x24 C:\Users\kevin\AppData\Local\Arduino15\packages\rp2040\hardware\rp2040\2.4.1/lib/libpico.a(irq.c.obj)
                0x10004618                irq_init_priorities
 .text.user_irq_claim_unused
                0x1000463c       0x2c C:\Users\kevin\AppData\Local\Arduino15\packages\rp2040\hardware\rp2040\2.4.1/lib/libpico.a(irq.c.obj)
                0x1000463c                user_irq_claim_unused
 .text.time_reached
                0x10004668       0x28 C:\Users\kevin\AppData\Local\Arduino15\packages\rp2040\hardware\rp2040\2.4.1/lib/libpico.a(time.c.obj)
 .text.timer_pool_entry_comparator
                0x10004690       0x30 C:\Users\kevin\AppData\Local\Arduino15\packages\rp2040\hardware\rp2040\2.4.1/lib/libpico.a(time.c.obj)
                0x10004690                timer_pool_entry_comparator
 .text.alarm_pool_post_alloc_init
                0x100046c0       0x3c C:\Users\kevin\AppData\Local\Arduino15\packages\rp2040\hardware\rp2040\2.4.1/lib/libpico.a(time.c.obj)
 .text.sleep_until_callback
                0x100046fc       0x30 C:\Users\kevin\AppData\Local\Arduino15\packages\rp2040\hardware\rp2040\2.4.1/lib/libpico.a(time.c.obj)
 .text.ph_add_child_node.isra.0
                0x1000472c       0x22 C:\Users\kevin\AppData\Local\Arduino15\packages\rp2040\hardware\rp2040\2.4.1/lib/libpico.a(time.c.obj)
 *fill*         0x1000474e        0x2 
 .text.add_alarm_under_lock
                0x10004750       0xc8 C:\Users\kevin\AppData\Local\Arduino15\packages\rp2040\hardware\rp2040\2.4.1/lib/libpico.a(time.c.obj)
 .text.alarm_pool_alarm_callback
                0x10004818      0x188 C:\Users\kevin\AppData\Local\Arduino15\packages\rp2040\hardware\rp2040\2.4.1/lib/libpico.a(time.c.obj)
 .text.alarm_pool_init_default
                0x100049a0       0x34 C:\Users\kevin\AppData\Local\Arduino15\packages\rp2040\hardware\rp2040\2.4.1/lib/libpico.a(time.c.obj)
                0x100049a0                alarm_pool_init_default
 .text.alarm_pool_get_default
                0x100049d4        0x8 C:\Users\kevin\AppData\Local\Arduino15\packages\rp2040\hardware\rp2040\2.4.1/lib/libpico.a(time.c.obj)
                0x100049d4                alarm_pool_get_default
 .text.alarm_pool_add_alarm_at
                0x100049dc       0xda C:\Users\kevin\AppData\Local\Arduino15\packages\rp2040\hardware\rp2040\2.4.1/lib/libpico.a(time.c.obj)
                0x100049dc                alarm_pool_add_alarm_at
 .text.alarm_pool_cancel_alarm
                0x10004ab6       0x66 C:\Users\kevin\AppData\Local\Arduino15\packages\rp2040\hardware\rp2040\2.4.1/lib/libpico.a(time.c.obj)
                0x10004ab6                alarm_pool_cancel_alarm
 .text.sleep_until
                0x10004b1c       0x98 C:\Users\kevin\AppData\Local\Arduino15\packages\rp2040\hardware\rp2040\2.4.1/lib/libpico.a(time.c.obj)
                0x10004b1c                sleep_until
 .text.sleep_us
                0x10004bb4       0x2c C:\Users\kevin\AppData\Local\Arduino15\packages\rp2040\hardware\rp2040\2.4.1/lib/libpico.a(time.c.obj)
                0x10004bb4                sleep_us
 .text.sleep_ms
                0x10004be0       0x14 C:\Users\kevin\AppData\Local\Arduino15\packages\rp2040\hardware\rp2040\2.4.1/lib/libpico.a(time.c.obj)
                0x10004be0                sleep_ms
 .text.best_effort_wfe_or_timeout
                0x10004bf4       0x40 C:\Users\kevin\AppData\Local\Arduino15\packages\rp2040\hardware\rp2040\2.4.1/lib/libpico.a(time.c.obj)
                0x10004bf4                best_effort_wfe_or_timeout
 .text.hardware_alarm_irq_handler
                0x10004c34       0x90 C:\Users\kevin\AppData\Local\Arduino15\packages\rp2040\hardware\rp2040\2.4.1/lib/libpico.a(timer.c.obj)
 .text.hardware_alarm_claim
                0x10004cc4       0x18 C:\Users\kevin\AppData\Local\Arduino15\packages\rp2040\hardware\rp2040\2.4.1/lib/libpico.a(timer.c.obj)
                0x10004cc4                hardware_alarm_claim
 .text.time_us_64
                0x10004cdc       0x14 C:\Users\kevin\AppData\Local\Arduino15\packages\rp2040\hardware\rp2040\2.4.1/lib/libpico.a(timer.c.obj)
                0x10004cdc                time_us_64
 .text.busy_wait_until
                0x10004cf0       0x1c C:\Users\kevin\AppData\Local\Arduino15\packages\rp2040\hardware\rp2040\2.4.1/lib/libpico.a(timer.c.obj)
                0x10004cf0                busy_wait_until
 .text.hardware_alarm_set_callback
                0x10004d0c       0x94 C:\Users\kevin\AppData\Local\Arduino15\packages\rp2040\hardware\rp2040\2.4.1/lib/libpico.a(timer.c.obj)
                0x10004d0c                hardware_alarm_set_callback
 .text.hardware_alarm_set_target
                0x10004da0       0xbc C:\Users\kevin\AppData\Local\Arduino15\packages\rp2040\hardware\rp2040\2.4.1/lib/libpico.a(timer.c.obj)
                0x10004da0                hardware_alarm_set_target
 .text.hardware_alarm_cancel
                0x10004e5c       0x40 C:\Users\kevin\AppData\Local\Arduino15\packages\rp2040\hardware\rp2040\2.4.1/lib/libpico.a(timer.c.obj)
                0x10004e5c                hardware_alarm_cancel
 .text.ph_add_child_node.isra.0
                0x10004e9c       0x22 C:\Users\kevin\AppData\Local\Arduino15\packages\rp2040\hardware\rp2040\2.4.1/lib/libpico.a(pheap.c.obj)
 .text.ph_merge_nodes
                0x10004ebe       0x36 C:\Users\kevin\AppData\Local\Arduino15\packages\rp2040\hardware\rp2040\2.4.1/lib/libpico.a(pheap.c.obj)
 .text.ph_clear
                0x10004ef4       0x34 C:\Users\kevin\AppData\Local\Arduino15\packages\rp2040\hardware\rp2040\2.4.1/lib/libpico.a(pheap.c.obj)
                0x10004ef4                ph_clear
 .text.ph_post_alloc_init
                0x10004f28        0xe C:\Users\kevin\AppData\Local\Arduino15\packages\rp2040\hardware\rp2040\2.4.1/lib/libpico.a(pheap.c.obj)
                0x10004f28                ph_post_alloc_init
 .text.ph_merge_two_pass
                0x10004f36       0x48 C:\Users\kevin\AppData\Local\Arduino15\packages\rp2040\hardware\rp2040\2.4.1/lib/libpico.a(pheap.c.obj)
                0x10004f36                ph_merge_two_pass
 .text.ph_remove_any_head
                0x10004f7e       0x4a C:\Users\kevin\AppData\Local\Arduino15\packages\rp2040\hardware\rp2040\2.4.1/lib/libpico.a(pheap.c.obj)
 .text.ph_remove_head
                0x10004fc8       0x14 C:\Users\kevin\AppData\Local\Arduino15\packages\rp2040\hardware\rp2040\2.4.1/lib/libpico.a(pheap.c.obj)
                0x10004fc8                ph_remove_head
 .text.ph_remove_and_free_node
                0x10004fdc       0x6e C:\Users\kevin\AppData\Local\Arduino15\packages\rp2040\hardware\rp2040\2.4.1/lib/libpico.a(pheap.c.obj)
                0x10004fdc                ph_remove_and_free_node
 .text.queue_init_with_spinlock
                0x1000504a       0x22 C:\Users\kevin\AppData\Local\Arduino15\packages\rp2040\hardware\rp2040\2.4.1/lib/libpico.a(queue.c.obj)
                0x1000504a                queue_init_with_spinlock
 .text.mutex_init
                0x1000506c       0x1a C:\Users\kevin\AppData\Local\Arduino15\packages\rp2040\hardware\rp2040\2.4.1/lib/libpico.a(mutex.c.obj)
                0x1000506c                mutex_init
 .text.recursive_mutex_init
                0x10005086       0x1a C:\Users\kevin\AppData\Local\Arduino15\packages\rp2040\hardware\rp2040\2.4.1/lib/libpico.a(mutex.c.obj)
                0x10005086                recursive_mutex_init
 .text.exception_get_vtable_handler
                0x100050a0       0x10 C:\Users\kevin\AppData\Local\Arduino15\packages\rp2040\hardware\rp2040\2.4.1/lib/libpico.a(exception.c.obj)
                0x100050a0                exception_get_vtable_handler
 .text.exception_set_exclusive_handler
                0x100050b0       0x48 C:\Users\kevin\AppData\Local\Arduino15\packages\rp2040\hardware\rp2040\2.4.1/lib/libpico.a(exception.c.obj)
                0x100050b0                exception_set_exclusive_handler
 .text.rom_func_lookup
                0x100050f8       0x10 C:\Users\kevin\AppData\Local\Arduino15\packages\rp2040\hardware\rp2040\2.4.1/lib/libpico.a(bootrom.c.obj)
                0x100050f8                rom_func_lookup
 .text.rom_data_lookup
                0x10005108       0x10 C:\Users\kevin\AppData\Local\Arduino15\packages\rp2040\hardware\rp2040\2.4.1/lib/libpico.a(bootrom.c.obj)
                0x10005108                rom_data_lookup
 .text.rom_funcs_lookup
                0x10005118       0x26 C:\Users\kevin\AppData\Local\Arduino15\packages\rp2040\hardware\rp2040\2.4.1/lib/libpico.a(bootrom.c.obj)
                0x10005118                rom_funcs_lookup
 *fill*         0x1000513e        0x2 
 .text._pio_find_offset_for_program.isra.0
                0x10005140       0x48 C:\Users\kevin\AppData\Local\Arduino15\packages\rp2040\hardware\rp2040\2.4.1/lib/libpico.a(pio.c.obj)
 .text._pio_add_program_at_offset
                0x10005188       0x80 C:\Users\kevin\AppData\Local\Arduino15\packages\rp2040\hardware\rp2040\2.4.1/lib/libpico.a(pio.c.obj)
 .text.pio_claim_unused_sm
                0x10005208       0x34 C:\Users\kevin\AppData\Local\Arduino15\packages\rp2040\hardware\rp2040\2.4.1/lib/libpico.a(pio.c.obj)
                0x10005208                pio_claim_unused_sm
 .text.pio_can_add_program
                0x1000523c       0x2a C:\Users\kevin\AppData\Local\Arduino15\packages\rp2040\hardware\rp2040\2.4.1/lib/libpico.a(pio.c.obj)
                0x1000523c                pio_can_add_program
 *fill*         0x10005266        0x2 
 .text.pio_add_program
                0x10005268       0x3c C:\Users\kevin\AppData\Local\Arduino15\packages\rp2040\hardware\rp2040\2.4.1/lib/libpico.a(pio.c.obj)
                0x10005268                pio_add_program
 .text.pio_sm_init
                0x100052a4       0x88 C:\Users\kevin\AppData\Local\Arduino15\packages\rp2040\hardware\rp2040\2.4.1/lib/libpico.a(pio.c.obj)
                0x100052a4                pio_sm_init
 .text          0x1000532c       0x10 C:\Users\kevin\AppData\Local\Arduino15\packages\rp2040\hardware\rp2040\2.4.1/lib/libpico.a(bit_ops_aeabi.S.obj)
 .text.startup._retrieve_unique_id_on_boot
                0x1000533c       0x10 C:\Users\kevin\AppData\Local\Arduino15\packages\rp2040\hardware\rp2040\2.4.1/lib/libpico.a(unique_id.c.obj)
 .text.pico_get_unique_board_id_string
                0x1000534c       0x44 C:\Users\kevin\AppData\Local\Arduino15\packages\rp2040\hardware\rp2040\2.4.1/lib/libpico.a(unique_id.c.obj)
                0x1000534c                pico_get_unique_board_id_string
 .text.set_sys_clock_pll
                0x10005390       0x78 C:\Users\kevin\AppData\Local\Arduino15\packages\rp2040\hardware\rp2040\2.4.1/lib/libpico.a(stdlib.c.obj)
                0x10005390                set_sys_clock_pll
 .text.check_sys_clock_khz
                0x10005408       0x8c C:\Users\kevin\AppData\Local\Arduino15\packages\rp2040\hardware\rp2040\2.4.1/lib/libpico.a(stdlib.c.obj)
                0x10005408                check_sys_clock_khz
 .text.runtime_init
                0x10005494       0xcc C:\Users\kevin\AppData\Local\Arduino15\packages\rp2040\hardware\rp2040\2.4.1/lib/libpico.a(runtime.c.obj)
                0x10005494                runtime_init
 .text._exit    0x10005560        0x4 C:\Users\kevin\AppData\Local\Arduino15\packages\rp2040\hardware\rp2040\2.4.1/lib/libpico.a(runtime.c.obj)
                0x10005560                _exit
 .text._sbrk    0x10005564       0x30 C:\Users\kevin\AppData\Local\Arduino15\packages\rp2040\hardware\rp2040\2.4.1/lib/libpico.a(runtime.c.obj)
                0x10005564                _sbrk
 .text.exit     0x10005594        0x4 C:\Users\kevin\AppData\Local\Arduino15\packages\rp2040\hardware\rp2040\2.4.1/lib/libpico.a(runtime.c.obj)
                0x10005594                exit
 .text.__assert_func
                0x10005598       0x30 C:\Users\kevin\AppData\Local\Arduino15\packages\rp2040\hardware\rp2040\2.4.1/lib/libpico.a(runtime.c.obj)
                0x10005598                __assert_func
 .text.panic    0x100055c8       0x2c C:\Users\kevin\AppData\Local\Arduino15\packages\rp2040\hardware\rp2040\2.4.1/lib/libpico.a(runtime.c.obj)
                0x100055c8                panic
 .text.hard_assertion_failure
                0x100055f4        0xc C:\Users\kevin\AppData\Local\Arduino15\packages\rp2040\hardware\rp2040\2.4.1/lib/libpico.a(runtime.c.obj)
                0x100055f4                hard_assertion_failure
 .text.__wrap___aeabi_idiv
                0x10005600       0x50 C:\Users\kevin\AppData\Local\Arduino15\packages\rp2040\hardware\rp2040\2.4.1/lib/libpico.a(divider.S.obj)
                0x10005600                __wrap___aeabi_idivmod
                0x10005600                divmod_s32s32
                0x10005600                div_s32s32
                0x10005600                __wrap___aeabi_idiv
                0x10005608                divmod_s32s32_unsafe
                0x10005634                divmod_s32s32_savestate
 .text.__wrap___aeabi_uidiv
                0x10005650       0x4c C:\Users\kevin\AppData\Local\Arduino15\packages\rp2040\hardware\rp2040\2.4.1/lib/libpico.a(divider.S.obj)
                0x10005650                __wrap___aeabi_uidiv
                0x10005650                __wrap___aeabi_uidivmod
                0x10005650                div_u32u32
                0x10005650                divmod_u32u32
                0x10005658                divmod_u32u32_unsafe
                0x10005680                divmod_u32u32_savestate
 .text.__wrap___aeabi_ldiv
                0x1000569c      0x434 C:\Users\kevin\AppData\Local\Arduino15\packages\rp2040\hardware\rp2040\2.4.1/lib/libpico.a(divider.S.obj)
                0x1000569c                div_s64s64
                0x1000569c                divmod_s64s64
                0x1000569c                __wrap___aeabi_ldivmod
                0x100056d4                divmod_u64u64
                0x100056d4                div_u64u64
                0x100056d4                __wrap___aeabi_uldivmod
                0x100056e4                divmod_u64u64_savestate
                0x1000570c                divmod_s64s64_unsafe
                0x10005794                divmod_u64u64_unsafe
 .text.__aeabi_lmul
                0x10005ad0       0x32 C:\Users\kevin\AppData\Local\Arduino15\packages\rp2040\hardware\rp2040\2.4.1/lib/libpico.a(pico_int64_ops_aeabi.S.obj)
                0x10005ad0                __wrap___aeabi_lmul
 *fill*         0x10005b02        0x2 
 .text          0x10005b04       0x10 C:\Users\kevin\AppData\Local\Arduino15\packages\rp2040\hardware\rp2040\2.4.1/lib/libpico.a(mem_ops_aeabi.S.obj)
                0x10005b04                __aeabi_mem_init
 .text.memset   0x10005b14        0xc C:\Users\kevin\AppData\Local\Arduino15\packages\rp2040\hardware\rp2040\2.4.1/lib/libpico.a(mem_ops_aeabi.S.obj)
                0x10005b14                __wrap_memset
 .text.memcpy   0x10005b20        0xc C:\Users\kevin\AppData\Local\Arduino15\packages\rp2040\hardware\rp2040\2.4.1/lib/libpico.a(mem_ops_aeabi.S.obj)
                0x10005b20                __wrap_memcpy
                0x10005b20                __wrap___aeabi_memcpy
 .text._Znwj    0x10005b2c        0x8 C:\Users\kevin\AppData\Local\Arduino15\packages\rp2040\hardware\rp2040\2.4.1/lib/libpico.a(new_delete.cpp.obj)
                0x10005b2c                _Znwj
 .text._ZdlPvj  0x10005b34        0x8 C:\Users\kevin\AppData\Local\Arduino15\packages\rp2040\hardware\rp2040\2.4.1/lib/libpico.a(new_delete.cpp.obj)
                0x10005b34                _ZdlPvj
 .text.multicore_fifo_pop_blocking_inline
                0x10005b3c       0x14 C:\Users\kevin\AppData\Local\Arduino15\packages\rp2040\hardware\rp2040\2.4.1/lib/libpico.a(multicore.c.obj)
 .text.core1_trampoline
                0x10005b50        0x2 C:\Users\kevin\AppData\Local\Arduino15\packages\rp2040\hardware\rp2040\2.4.1/lib/libpico.a(multicore.c.obj)
 .text.core1_wrapper
                0x10005b52        0xc C:\Users\kevin\AppData\Local\Arduino15\packages\rp2040\hardware\rp2040\2.4.1/lib/libpico.a(multicore.c.obj)
                0x10005b52                core1_wrapper
 .text.multicore_fifo_push_blocking_inline
                0x10005b5e       0x12 C:\Users\kevin\AppData\Local\Arduino15\packages\rp2040\hardware\rp2040\2.4.1/lib/libpico.a(multicore.c.obj)
 .text.multicore_fifo_pop_blocking
                0x10005b70        0x8 C:\Users\kevin\AppData\Local\Arduino15\packages\rp2040\hardware\rp2040\2.4.1/lib/libpico.a(multicore.c.obj)
                0x10005b70                multicore_fifo_pop_blocking
 .text.multicore_launch_core1_raw
                0x10005b78       0x6a C:\Users\kevin\AppData\Local\Arduino15\packages\rp2040\hardware\rp2040\2.4.1/lib/libpico.a(multicore.c.obj)
                0x10005b78                multicore_launch_core1_raw
 *fill*         0x10005be2        0x2 
 .text.multicore_launch_core1_with_stack
                0x10005be4       0x34 C:\Users\kevin\AppData\Local\Arduino15\packages\rp2040\hardware\rp2040\2.4.1/lib/libpico.a(multicore.c.obj)
                0x10005be4                multicore_launch_core1_with_stack
 .text.multicore_launch_core1
                0x10005c18       0x20 C:\Users\kevin\AppData\Local\Arduino15\packages\rp2040\hardware\rp2040\2.4.1/lib/libpico.a(multicore.c.obj)
                0x10005c18                multicore_launch_core1
 .text.get_driver
                0x10005c38       0x40 C:\Users\kevin\AppData\Local\Arduino15\packages\rp2040\hardware\rp2040\2.4.1/lib/libpico.a(usbd.c.obj)
 .text.configuration_reset
                0x10005c78       0x4c C:\Users\kevin\AppData\Local\Arduino15\packages\rp2040\hardware\rp2040\2.4.1/lib/libpico.a(usbd.c.obj)
 .text.invoke_class_control
                0x10005cc4       0x1a C:\Users\kevin\AppData\Local\Arduino15\packages\rp2040\hardware\rp2040\2.4.1/lib/libpico.a(usbd.c.obj)
 .text.osal_queue_send.constprop.0.isra.0
                0x10005cde       0x30 C:\Users\kevin\AppData\Local\Arduino15\packages\rp2040\hardware\rp2040\2.4.1/lib/libpico.a(usbd.c.obj)
 *fill*         0x10005d0e        0x2 
 .text.tud_mounted
                0x10005d10       0x10 C:\Users\kevin\AppData\Local\Arduino15\packages\rp2040\hardware\rp2040\2.4.1/lib/libpico.a(usbd.c.obj)
                0x10005d10                tud_mounted
 .text.tud_suspended
                0x10005d20       0x10 C:\Users\kevin\AppData\Local\Arduino15\packages\rp2040\hardware\rp2040\2.4.1/lib/libpico.a(usbd.c.obj)
                0x10005d20                tud_suspended
 .text.tud_inited
                0x10005d30        0xc C:\Users\kevin\AppData\Local\Arduino15\packages\rp2040\hardware\rp2040\2.4.1/lib/libpico.a(usbd.c.obj)
                0x10005d30                tud_inited
 .text.tud_init
                0x10005d3c       0x98 C:\Users\kevin\AppData\Local\Arduino15\packages\rp2040\hardware\rp2040\2.4.1/lib/libpico.a(usbd.c.obj)
                0x10005d3c                tud_init
 .text.dcd_event_handler
                0x10005dd4       0x7c C:\Users\kevin\AppData\Local\Arduino15\packages\rp2040\hardware\rp2040\2.4.1/lib/libpico.a(usbd.c.obj)
                0x10005dd4                dcd_event_handler
 .text.dcd_event_bus_signal
                0x10005e50       0x22 C:\Users\kevin\AppData\Local\Arduino15\packages\rp2040\hardware\rp2040\2.4.1/lib/libpico.a(usbd.c.obj)
                0x10005e50                dcd_event_bus_signal
 .text.dcd_event_bus_reset
                0x10005e72       0x2a C:\Users\kevin\AppData\Local\Arduino15\packages\rp2040\hardware\rp2040\2.4.1/lib/libpico.a(usbd.c.obj)
                0x10005e72                dcd_event_bus_reset
 .text.dcd_event_setup_received
                0x10005e9c       0x26 C:\Users\kevin\AppData\Local\Arduino15\packages\rp2040\hardware\rp2040\2.4.1/lib/libpico.a(usbd.c.obj)
                0x10005e9c                dcd_event_setup_received
 .text.dcd_event_xfer_complete
                0x10005ec2       0x38 C:\Users\kevin\AppData\Local\Arduino15\packages\rp2040\hardware\rp2040\2.4.1/lib/libpico.a(usbd.c.obj)
                0x10005ec2                dcd_event_xfer_complete
 *fill*         0x10005efa        0x2 
 .text.usbd_edpt_open
                0x10005efc       0x30 C:\Users\kevin\AppData\Local\Arduino15\packages\rp2040\hardware\rp2040\2.4.1/lib/libpico.a(usbd.c.obj)
                0x10005efc                usbd_edpt_open
 .text.usbd_open_edpt_pair
                0x10005f2c       0x4e C:\Users\kevin\AppData\Local\Arduino15\packages\rp2040\hardware\rp2040\2.4.1/lib/libpico.a(usbd.c.obj)
                0x10005f2c                usbd_open_edpt_pair
 *fill*         0x10005f7a        0x2 
 .text.usbd_edpt_claim
                0x10005f7c       0x68 C:\Users\kevin\AppData\Local\Arduino15\packages\rp2040\hardware\rp2040\2.4.1/lib/libpico.a(usbd.c.obj)
                0x10005f7c                usbd_edpt_claim
 .text.usbd_edpt_release
                0x10005fe4       0x4c C:\Users\kevin\AppData\Local\Arduino15\packages\rp2040\hardware\rp2040\2.4.1/lib/libpico.a(usbd.c.obj)
                0x10005fe4                usbd_edpt_release
 .text.usbd_edpt_xfer
                0x10006030       0x44 C:\Users\kevin\AppData\Local\Arduino15\packages\rp2040\hardware\rp2040\2.4.1/lib/libpico.a(usbd.c.obj)
                0x10006030                usbd_edpt_xfer
 .text.usbd_edpt_stall
                0x10006074       0x34 C:\Users\kevin\AppData\Local\Arduino15\packages\rp2040\hardware\rp2040\2.4.1/lib/libpico.a(usbd.c.obj)
                0x10006074                usbd_edpt_stall
 .text.usbd_edpt_clear_stall
                0x100060a8       0x34 C:\Users\kevin\AppData\Local\Arduino15\packages\rp2040\hardware\rp2040\2.4.1/lib/libpico.a(usbd.c.obj)
                0x100060a8                usbd_edpt_clear_stall
 .text.usbd_edpt_stalled
                0x100060dc       0x1c C:\Users\kevin\AppData\Local\Arduino15\packages\rp2040\hardware\rp2040\2.4.1/lib/libpico.a(usbd.c.obj)
                0x100060dc                usbd_edpt_stalled
 .text.tud_task
                0x100060f8      0x558 C:\Users\kevin\AppData\Local\Arduino15\packages\rp2040\hardware\rp2040\2.4.1/lib/libpico.a(usbd.c.obj)
                0x100060f8                tud_task
 .text._data_stage_xact
                0x10006650       0x58 C:\Users\kevin\AppData\Local\Arduino15\packages\rp2040\hardware\rp2040\2.4.1/lib/libpico.a(usbd_control.c.obj)
 .text._status_stage_xact.isra.0
                0x100066a8       0x14 C:\Users\kevin\AppData\Local\Arduino15\packages\rp2040\hardware\rp2040\2.4.1/lib/libpico.a(usbd_control.c.obj)
 .text.tud_control_status
                0x100066bc       0x24 C:\Users\kevin\AppData\Local\Arduino15\packages\rp2040\hardware\rp2040\2.4.1/lib/libpico.a(usbd_control.c.obj)
                0x100066bc                tud_control_status
 .text.tud_control_xfer
                0x100066e0       0x54 C:\Users\kevin\AppData\Local\Arduino15\packages\rp2040\hardware\rp2040\2.4.1/lib/libpico.a(usbd_control.c.obj)
                0x100066e0                tud_control_xfer
 .text.usbd_control_reset
                0x10006734       0x14 C:\Users\kevin\AppData\Local\Arduino15\packages\rp2040\hardware\rp2040\2.4.1/lib/libpico.a(usbd_control.c.obj)
                0x10006734                usbd_control_reset
 .text.usbd_control_set_complete_callback
                0x10006748        0xc C:\Users\kevin\AppData\Local\Arduino15\packages\rp2040\hardware\rp2040\2.4.1/lib/libpico.a(usbd_control.c.obj)
                0x10006748                usbd_control_set_complete_callback
 .text.usbd_control_set_request
                0x10006754       0x1c C:\Users\kevin\AppData\Local\Arduino15\packages\rp2040\hardware\rp2040\2.4.1/lib/libpico.a(usbd_control.c.obj)
                0x10006754                usbd_control_set_request
 .text.usbd_control_xfer_cb
                0x10006770       0xa4 C:\Users\kevin\AppData\Local\Arduino15\packages\rp2040\hardware\rp2040\2.4.1/lib/libpico.a(usbd_control.c.obj)
                0x10006770                usbd_control_xfer_cb
 .text._prep_out_transaction
                0x10006814       0x42 C:\Users\kevin\AppData\Local\Arduino15\packages\rp2040\hardware\rp2040\2.4.1/lib/libpico.a(cdc_device.c.obj)
 *fill*         0x10006856        0x2 
 .text.tud_cdc_n_connected
                0x10006858       0x30 C:\Users\kevin\AppData\Local\Arduino15\packages\rp2040\hardware\rp2040\2.4.1/lib/libpico.a(cdc_device.c.obj)
                0x10006858                tud_cdc_n_connected
 .text.tud_cdc_n_available
                0x10006888       0x18 C:\Users\kevin\AppData\Local\Arduino15\packages\rp2040\hardware\rp2040\2.4.1/lib/libpico.a(cdc_device.c.obj)
                0x10006888                tud_cdc_n_available
 .text.tud_cdc_n_read
                0x100068a0       0x28 C:\Users\kevin\AppData\Local\Arduino15\packages\rp2040\hardware\rp2040\2.4.1/lib/libpico.a(cdc_device.c.obj)
                0x100068a0                tud_cdc_n_read
 .text.tud_cdc_n_peek
                0x100068c8       0x18 C:\Users\kevin\AppData\Local\Arduino15\packages\rp2040\hardware\rp2040\2.4.1/lib/libpico.a(cdc_device.c.obj)
                0x100068c8                tud_cdc_n_peek
 .text.tud_cdc_n_write_flush
                0x100068e0       0x78 C:\Users\kevin\AppData\Local\Arduino15\packages\rp2040\hardware\rp2040\2.4.1/lib/libpico.a(cdc_device.c.obj)
                0x100068e0                tud_cdc_n_write_flush
 .text.tud_cdc_n_write
                0x10006958       0x34 C:\Users\kevin\AppData\Local\Arduino15\packages\rp2040\hardware\rp2040\2.4.1/lib/libpico.a(cdc_device.c.obj)
                0x10006958                tud_cdc_n_write
 .text.tud_cdc_n_write_available
                0x1000698c       0x18 C:\Users\kevin\AppData\Local\Arduino15\packages\rp2040\hardware\rp2040\2.4.1/lib/libpico.a(cdc_device.c.obj)
                0x1000698c                tud_cdc_n_write_available
 .text.cdcd_init
                0x100069a4       0x7c C:\Users\kevin\AppData\Local\Arduino15\packages\rp2040\hardware\rp2040\2.4.1/lib/libpico.a(cdc_device.c.obj)
                0x100069a4                cdcd_init
 .text.cdcd_reset
                0x10006a20       0x30 C:\Users\kevin\AppData\Local\Arduino15\packages\rp2040\hardware\rp2040\2.4.1/lib/libpico.a(cdc_device.c.obj)
                0x10006a20                cdcd_reset
 .text.cdcd_open
                0x10006a50       0xa4 C:\Users\kevin\AppData\Local\Arduino15\packages\rp2040\hardware\rp2040\2.4.1/lib/libpico.a(cdc_device.c.obj)
                0x10006a50                cdcd_open
 .text.cdcd_control_xfer_cb
                0x10006af4       0xd8 C:\Users\kevin\AppData\Local\Arduino15\packages\rp2040\hardware\rp2040\2.4.1/lib/libpico.a(cdc_device.c.obj)
                0x10006af4                cdcd_control_xfer_cb
 .text.cdcd_xfer_cb
                0x10006bcc       0xe4 C:\Users\kevin\AppData\Local\Arduino15\packages\rp2040\hardware\rp2040\2.4.1/lib/libpico.a(cdc_device.c.obj)
                0x10006bcc                cdcd_xfer_cb
 .text.hidd_reset
                0x10006cb0       0x14 C:\Users\kevin\AppData\Local\Arduino15\packages\rp2040\hardware\rp2040\2.4.1/lib/libpico.a(hid_device.c.obj)
                0x10006cb0                hidd_reset
 .text.hidd_init
                0x10006cc4        0xa C:\Users\kevin\AppData\Local\Arduino15\packages\rp2040\hardware\rp2040\2.4.1/lib/libpico.a(hid_device.c.obj)
                0x10006cc4                hidd_init
 *fill*         0x10006cce        0x2 
 .text.hidd_open
                0x10006cd0       0xb4 C:\Users\kevin\AppData\Local\Arduino15\packages\rp2040\hardware\rp2040\2.4.1/lib/libpico.a(hid_device.c.obj)
                0x10006cd0                hidd_open
 .text.hidd_control_xfer_cb
                0x10006d84      0x1e4 C:\Users\kevin\AppData\Local\Arduino15\packages\rp2040\hardware\rp2040\2.4.1/lib/libpico.a(hid_device.c.obj)
                0x10006d84                hidd_control_xfer_cb
 .text.hidd_xfer_cb
                0x10006f68       0x80 C:\Users\kevin\AppData\Local\Arduino15\packages\rp2040\hardware\rp2040\2.4.1/lib/libpico.a(hid_device.c.obj)
                0x10006f68                hidd_xfer_cb
 .text.tusb_init
                0x10006fe8        0xa C:\Users\kevin\AppData\Local\Arduino15\packages\rp2040\hardware\rp2040\2.4.1/lib/libpico.a(tusb.c.obj)
                0x10006fe8                tusb_init
 .text.tusb_inited
                0x10006ff2        0x8 C:\Users\kevin\AppData\Local\Arduino15\packages\rp2040\hardware\rp2040\2.4.1/lib/libpico.a(tusb.c.obj)
                0x10006ff2                tusb_inited
 *fill*         0x10006ffa        0x2 
 .text.tu_edpt_validate
                0x10006ffc       0x60 C:\Users\kevin\AppData\Local\Arduino15\packages\rp2040\hardware\rp2040\2.4.1/lib/libpico.a(tusb.c.obj)
                0x10006ffc                tu_edpt_validate
 .text.tu_edpt_bind_driver
                0x1000705c       0x2a C:\Users\kevin\AppData\Local\Arduino15\packages\rp2040\hardware\rp2040\2.4.1/lib/libpico.a(tusb.c.obj)
                0x1000705c                tu_edpt_bind_driver
 .text.advance_pointer
                0x10007086       0x18 C:\Users\kevin\AppData\Local\Arduino15\packages\rp2040\hardware\rp2040\2.4.1/lib/libpico.a(tusb_fifo.c.obj)
 .text._tu_fifo_correct_read_pointer
                0x1000709e       0x1e C:\Users\kevin\AppData\Local\Arduino15\packages\rp2040\hardware\rp2040\2.4.1/lib/libpico.a(tusb_fifo.c.obj)
 .text._ff_unlock
                0x100070bc        0xc C:\Users\kevin\AppData\Local\Arduino15\packages\rp2040\hardware\rp2040\2.4.1/lib/libpico.a(tusb_fifo.c.obj)
 .text._ff_pull_const_addr
                0x100070c8       0x58 C:\Users\kevin\AppData\Local\Arduino15\packages\rp2040\hardware\rp2040\2.4.1/lib/libpico.a(tusb_fifo.c.obj)
 .text._tu_fifo_peek_n
                0x10007120      0x12a C:\Users\kevin\AppData\Local\Arduino15\packages\rp2040\hardware\rp2040\2.4.1/lib/libpico.a(tusb_fifo.c.obj)
 *fill*         0x1000724a        0x2 
 .text._ff_push_const_addr
                0x1000724c       0x48 C:\Users\kevin\AppData\Local\Arduino15\packages\rp2040\hardware\rp2040\2.4.1/lib/libpico.a(tusb_fifo.c.obj)
 .text._tu_fifo_peek
                0x10007294       0x48 C:\Users\kevin\AppData\Local\Arduino15\packages\rp2040\hardware\rp2040\2.4.1/lib/libpico.a(tusb_fifo.c.obj)
 .text._ff_lock
                0x100072dc       0x10 C:\Users\kevin\AppData\Local\Arduino15\packages\rp2040\hardware\rp2040\2.4.1/lib/libpico.a(tusb_fifo.c.obj)
 .text._tu_fifo_read_n
                0x100072ec       0x3e C:\Users\kevin\AppData\Local\Arduino15\packages\rp2040\hardware\rp2040\2.4.1/lib/libpico.a(tusb_fifo.c.obj)
 .text._tu_fifo_write_n.part.0
                0x1000732a      0x14a C:\Users\kevin\AppData\Local\Arduino15\packages\rp2040\hardware\rp2040\2.4.1/lib/libpico.a(tusb_fifo.c.obj)
 .text.tu_fifo_config
                0x10007474       0x52 C:\Users\kevin\AppData\Local\Arduino15\packages\rp2040\hardware\rp2040\2.4.1/lib/libpico.a(tusb_fifo.c.obj)
                0x10007474                tu_fifo_config
 .text.tu_fifo_count
                0x100074c6       0x20 C:\Users\kevin\AppData\Local\Arduino15\packages\rp2040\hardware\rp2040\2.4.1/lib/libpico.a(tusb_fifo.c.obj)
                0x100074c6                tu_fifo_count
 .text.tu_fifo_empty
                0x100074e6       0x10 C:\Users\kevin\AppData\Local\Arduino15\packages\rp2040\hardware\rp2040\2.4.1/lib/libpico.a(tusb_fifo.c.obj)
                0x100074e6                tu_fifo_empty
 .text.tu_fifo_remaining
                0x100074f6       0x1c C:\Users\kevin\AppData\Local\Arduino15\packages\rp2040\hardware\rp2040\2.4.1/lib/libpico.a(tusb_fifo.c.obj)
                0x100074f6                tu_fifo_remaining
 .text.tu_fifo_read
                0x10007512       0x36 C:\Users\kevin\AppData\Local\Arduino15\packages\rp2040\hardware\rp2040\2.4.1/lib/libpico.a(tusb_fifo.c.obj)
                0x10007512                tu_fifo_read
 .text.tu_fifo_read_n
                0x10007548        0xa C:\Users\kevin\AppData\Local\Arduino15\packages\rp2040\hardware\rp2040\2.4.1/lib/libpico.a(tusb_fifo.c.obj)
                0x10007548                tu_fifo_read_n
 .text.tu_fifo_peek
                0x10007552       0x28 C:\Users\kevin\AppData\Local\Arduino15\packages\rp2040\hardware\rp2040\2.4.1/lib/libpico.a(tusb_fifo.c.obj)
                0x10007552                tu_fifo_peek
 .text.tu_fifo_write
                0x1000757a       0x60 C:\Users\kevin\AppData\Local\Arduino15\packages\rp2040\hardware\rp2040\2.4.1/lib/libpico.a(tusb_fifo.c.obj)
                0x1000757a                tu_fifo_write
 .text.tu_fifo_write_n
                0x100075da       0x12 C:\Users\kevin\AppData\Local\Arduino15\packages\rp2040\hardware\rp2040\2.4.1/lib/libpico.a(tusb_fifo.c.obj)
                0x100075da                tu_fifo_write_n
 .text.tu_fifo_clear
                0x100075ec       0x34 C:\Users\kevin\AppData\Local\Arduino15\packages\rp2040\hardware\rp2040\2.4.1/lib/libpico.a(tusb_fifo.c.obj)
                0x100075ec                tu_fifo_clear
 .text.tu_fifo_set_overwritable
                0x10007620       0x24 C:\Users\kevin\AppData\Local\Arduino15\packages\rp2040\hardware\rp2040\2.4.1/lib/libpico.a(tusb_fifo.c.obj)
                0x10007620                tu_fifo_set_overwritable
 .text.hw_claim_lock
                0x10007644       0x18 C:\Users\kevin\AppData\Local\Arduino15\packages\rp2040\hardware\rp2040\2.4.1/lib/libpico.a(claim.c.obj)
                0x10007644                hw_claim_lock
 .text.hw_claim_unlock
                0x1000765c       0x14 C:\Users\kevin\AppData\Local\Arduino15\packages\rp2040\hardware\rp2040\2.4.1/lib/libpico.a(claim.c.obj)
                0x1000765c                hw_claim_unlock
 .text.hw_is_claimed
                0x10007670       0x16 C:\Users\kevin\AppData\Local\Arduino15\packages\rp2040\hardware\rp2040\2.4.1/lib/libpico.a(claim.c.obj)
                0x10007670                hw_is_claimed
 .text.hw_claim_or_assert
                0x10007686       0x3a C:\Users\kevin\AppData\Local\Arduino15\packages\rp2040\hardware\rp2040\2.4.1/lib/libpico.a(claim.c.obj)
                0x10007686                hw_claim_or_assert
 .text.hw_claim_unused_from_range
                0x100076c0       0x54 C:\Users\kevin\AppData\Local\Arduino15\packages\rp2040\hardware\rp2040\2.4.1/lib/libpico.a(claim.c.obj)
                0x100076c0                hw_claim_unused_from_range
 .text.running_on_fpga
                0x10007714       0x10 C:\Users\kevin\AppData\Local\Arduino15\packages\rp2040\hardware\rp2040\2.4.1/lib/libpico.a(platform.c.obj)
                0x10007714                running_on_fpga
 .text.clock_configure
                0x10007724       0xd4 C:\Users\kevin\AppData\Local\Arduino15\packages\rp2040\hardware\rp2040\2.4.1/lib/libpico.a(clocks.c.obj)
                0x10007724                clock_configure
 .text.clocks_init
                0x100077f8       0xf4 C:\Users\kevin\AppData\Local\Arduino15\packages\rp2040\hardware\rp2040\2.4.1/lib/libpico.a(clocks.c.obj)
                0x100077f8                clocks_init
 .text.clock_get_hz
                0x100078ec        0xc C:\Users\kevin\AppData\Local\Arduino15\packages\rp2040\hardware\rp2040\2.4.1/lib/libpico.a(clocks.c.obj)
                0x100078ec                clock_get_hz
 .text.lock_init
                0x100078f8       0x10 C:\Users\kevin\AppData\Local\Arduino15\packages\rp2040\hardware\rp2040\2.4.1/lib/libpico.a(lock_core.c.obj)
                0x100078f8                lock_init
 .text.critical_section_init_with_lock_num
                0x10007908       0x14 C:\Users\kevin\AppData\Local\Arduino15\packages\rp2040\hardware\rp2040\2.4.1/lib/libpico.a(critical_section.c.obj)
                0x10007908                critical_section_init_with_lock_num
 .text.critical_section_init
                0x1000791c       0x14 C:\Users\kevin\AppData\Local\Arduino15\packages\rp2040\hardware\rp2040\2.4.1/lib/libpico.a(critical_section.c.obj)
                0x1000791c                critical_section_init
 .text.pll_init
                0x10007930       0x9c C:\Users\kevin\AppData\Local\Arduino15\packages\rp2040\hardware\rp2040\2.4.1/lib/libpico.a(pll.c.obj)
                0x10007930                pll_init
 .text.watchdog_start_tick
                0x100079cc       0x10 C:\Users\kevin\AppData\Local\Arduino15\packages\rp2040\hardware\rp2040\2.4.1/lib/libpico.a(watchdog.c.obj)
                0x100079cc                watchdog_start_tick
 .text.xosc_init
                0x100079dc       0x28 C:\Users\kevin\AppData\Local\Arduino15\packages\rp2040\hardware\rp2040\2.4.1/lib/libpico.a(xosc.c.obj)
                0x100079dc                xosc_init
 .text.flash_get_unique_id
                0x10007a04       0x42 C:\Users\kevin\AppData\Local\Arduino15\packages\rp2040\hardware\rp2040\2.4.1/lib/libpico.a(flash.c.obj)
                0x10007a04                flash_get_unique_id
 *fill*         0x10007a46        0x2 
 .text.hw_endpoint_init
                0x10007a48       0xc8 C:\Users\kevin\AppData\Local\Arduino15\packages\rp2040\hardware\rp2040\2.4.1/lib/libpico.a(dcd_rp2040.c.obj)
 .text.reset_non_control_endpoints
                0x10007b10       0x3c C:\Users\kevin\AppData\Local\Arduino15\packages\rp2040\hardware\rp2040\2.4.1/lib/libpico.a(dcd_rp2040.c.obj)
 .text.dcd_rp2040_irq
                0x10007b4c      0x128 C:\Users\kevin\AppData\Local\Arduino15\packages\rp2040\hardware\rp2040\2.4.1/lib/libpico.a(dcd_rp2040.c.obj)
 .text.dcd_int_enable
                0x10007c74        0xc C:\Users\kevin\AppData\Local\Arduino15\packages\rp2040\hardware\rp2040\2.4.1/lib/libpico.a(dcd_rp2040.c.obj)
                0x10007c74                dcd_int_enable
 .text.dcd_set_address
                0x10007c80       0x14 C:\Users\kevin\AppData\Local\Arduino15\packages\rp2040\hardware\rp2040\2.4.1/lib/libpico.a(dcd_rp2040.c.obj)
                0x10007c80                dcd_set_address
 .text.dcd_connect
                0x10007c94       0x10 C:\Users\kevin\AppData\Local\Arduino15\packages\rp2040\hardware\rp2040\2.4.1/lib/libpico.a(dcd_rp2040.c.obj)
                0x10007c94                dcd_connect
 .text.dcd_init
                0x10007ca4       0x64 C:\Users\kevin\AppData\Local\Arduino15\packages\rp2040\hardware\rp2040\2.4.1/lib/libpico.a(dcd_rp2040.c.obj)
                0x10007ca4                dcd_init
 .text.dcd_edpt0_status_complete
                0x10007d08       0x18 C:\Users\kevin\AppData\Local\Arduino15\packages\rp2040\hardware\rp2040\2.4.1/lib/libpico.a(dcd_rp2040.c.obj)
                0x10007d08                dcd_edpt0_status_complete
 .text.dcd_edpt_open
                0x10007d20       0x20 C:\Users\kevin\AppData\Local\Arduino15\packages\rp2040\hardware\rp2040\2.4.1/lib/libpico.a(dcd_rp2040.c.obj)
                0x10007d20                dcd_edpt_open
 .text.dcd_edpt_close_all
                0x10007d40        0x8 C:\Users\kevin\AppData\Local\Arduino15\packages\rp2040\hardware\rp2040\2.4.1/lib/libpico.a(dcd_rp2040.c.obj)
                0x10007d40                dcd_edpt_close_all
 .text.dcd_edpt_xfer
                0x10007d48       0x24 C:\Users\kevin\AppData\Local\Arduino15\packages\rp2040\hardware\rp2040\2.4.1/lib/libpico.a(dcd_rp2040.c.obj)
                0x10007d48                dcd_edpt_xfer
 .text.dcd_edpt_stall
                0x10007d6c       0x34 C:\Users\kevin\AppData\Local\Arduino15\packages\rp2040\hardware\rp2040\2.4.1/lib/libpico.a(dcd_rp2040.c.obj)
                0x10007d6c                dcd_edpt_stall
 .text.dcd_edpt_clear_stall
                0x10007da0       0x2c C:\Users\kevin\AppData\Local\Arduino15\packages\rp2040\hardware\rp2040\2.4.1/lib/libpico.a(dcd_rp2040.c.obj)
                0x10007da0                dcd_edpt_clear_stall
 .text.prepare_ep_buffer
                0x10007dcc       0x66 C:\Users\kevin\AppData\Local\Arduino15\packages\rp2040\hardware\rp2040\2.4.1/lib/libpico.a(rp2040_usb.c.obj)
 .text.sync_ep_buffer
                0x10007e32       0x48 C:\Users\kevin\AppData\Local\Arduino15\packages\rp2040\hardware\rp2040\2.4.1/lib/libpico.a(rp2040_usb.c.obj)
 *fill*         0x10007e7a        0x2 
 .text.rp2040_usb_init
                0x10007e7c       0x4c C:\Users\kevin\AppData\Local\Arduino15\packages\rp2040\hardware\rp2040\2.4.1/lib/libpico.a(rp2040_usb.c.obj)
                0x10007e7c                rp2040_usb_init
 .text.hw_endpoint_reset_transfer
                0x10007ec8        0xc C:\Users\kevin\AppData\Local\Arduino15\packages\rp2040\hardware\rp2040\2.4.1/lib/libpico.a(rp2040_usb.c.obj)
                0x10007ec8                hw_endpoint_reset_transfer
 .text._hw_endpoint_buffer_control_update32
                0x10007ed4       0x58 C:\Users\kevin\AppData\Local\Arduino15\packages\rp2040\hardware\rp2040\2.4.1/lib/libpico.a(rp2040_usb.c.obj)
                0x10007ed4                _hw_endpoint_buffer_control_update32
 .text._hw_endpoint_start_next_buffer
                0x10007f2c       0x6c C:\Users\kevin\AppData\Local\Arduino15\packages\rp2040\hardware\rp2040\2.4.1/lib/libpico.a(rp2040_usb.c.obj)
 .text.hw_endpoint_xfer_start
                0x10007f98       0x14 C:\Users\kevin\AppData\Local\Arduino15\packages\rp2040\hardware\rp2040\2.4.1/lib/libpico.a(rp2040_usb.c.obj)
                0x10007f98                hw_endpoint_xfer_start
 .text.hw_endpoint_xfer_continue
                0x10007fac       0x54 C:\Users\kevin\AppData\Local\Arduino15\packages\rp2040\hardware\rp2040\2.4.1/lib/libpico.a(rp2040_usb.c.obj)
                0x10007fac                hw_endpoint_xfer_continue
 .text.unlikely._ZSt17__throw_bad_allocv
                0x10008000        0x6 c:/users/kevin/appdata/local/arduino15/packages/rp2040/tools/pqt-gcc/1.4.0-c-0196c06/bin/../lib/gcc/arm-none-eabi/10.3.0/../../../../arm-none-eabi/lib/thumb\libstdc++.a(functexcept.o)
                0x10008000                _ZSt17__throw_bad_allocv
 .text.unlikely._ZSt20__throw_length_errorPKc
                0x10008006        0x6 c:/users/kevin/appdata/local/arduino15/packages/rp2040/tools/pqt-gcc/1.4.0-c-0196c06/bin/../lib/gcc/arm-none-eabi/10.3.0/../../../../arm-none-eabi/lib/thumb\libstdc++.a(functexcept.o)
                0x10008006                _ZSt20__throw_length_errorPKc
 .text          0x1000800c        0xe c:/users/kevin/appdata/local/arduino15/packages/rp2040/tools/pqt-gcc/1.4.0-c-0196c06/bin/../lib/gcc/arm-none-eabi/10.3.0/../../../../arm-none-eabi/lib/thumb\libc.a(lib_a-abort.o)
                0x1000800c                abort
 .text          0x1000801a       0x14 c:/users/kevin/appdata/local/arduino15/packages/rp2040/tools/pqt-gcc/1.4.0-c-0196c06/bin/../lib/gcc/arm-none-eabi/10.3.0/../../../../arm-none-eabi/lib/thumb\libc.a(lib_a-calloc.o)
                0x1000801a                calloc
 .text          0x1000802e       0x9c c:/users/kevin/appdata/local/arduino15/packages/rp2040/tools/pqt-gcc/1.4.0-c-0196c06/bin/../lib/gcc/arm-none-eabi/10.3.0/../../../../arm-none-eabi/lib/thumb\libc.a(lib_a-callocr.o)
                0x1000802e                _calloc_r
 .text          0x100080ca        0x8 c:/users/kevin/appdata/local/arduino15/packages/rp2040/tools/pqt-gcc/1.4.0-c-0196c06/bin/../lib/gcc/arm-none-eabi/10.3.0/../../../../arm-none-eabi/lib/thumb\libc.a(lib_a-errno.o)
                0x100080ca                __errno
 *fill*         0x100080d2        0x2 
 .text          0x100080d4      0x238 c:/users/kevin/appdata/local/arduino15/packages/rp2040/tools/pqt-gcc/1.4.0-c-0196c06/bin/../lib/gcc/arm-none-eabi/10.3.0/../../../../arm-none-eabi/lib/thumb\libc.a(lib_a-findfp.o)
                0x1000811c                _cleanup_r
                0x1000815c                __sfmoreglue
                0x10008188                _cleanup
                0x10008198                __sfp_lock_acquire
                0x100081a8                __sfp_lock_release
                0x100081b8                __sinit_lock_acquire
                0x100081c8                __sinit_lock_release
                0x100081d8                __sinit
                0x1000824c                __sfp
                0x100082dc                __fp_lock_all
                0x100082f4                __fp_unlock_all
 .text          0x1000830c       0x76 c:/users/kevin/appdata/local/arduino15/packages/rp2040/tools/pqt-gcc/1.4.0-c-0196c06/bin/../lib/gcc/arm-none-eabi/10.3.0/../../../../arm-none-eabi/lib/thumb\libc.a(lib_a-fwalk.o)
                0x1000830c                _fwalk
                0x10008342                _fwalk_reent
 .text          0x10008382       0x20 c:/users/kevin/appdata/local/arduino15/packages/rp2040/tools/pqt-gcc/1.4.0-c-0196c06/bin/../lib/gcc/arm-none-eabi/10.3.0/../../../../arm-none-eabi/lib/thumb\libc.a(lib_a-malloc.o)
                0x10008382                malloc
                0x10008392                free
 *fill*         0x100083a2        0x2 
 .text          0x100083a4      0x420 c:/users/kevin/appdata/local/arduino15/packages/rp2040/tools/pqt-gcc/1.4.0-c-0196c06/bin/../lib/gcc/arm-none-eabi/10.3.0/../../../../arm-none-eabi/lib/thumb\libc.a(lib_a-mallocr.o)
                0x100083a4                _malloc_r
 .text          0x100087c4       0x20 c:/users/kevin/appdata/local/arduino15/packages/rp2040/tools/pqt-gcc/1.4.0-c-0196c06/bin/../lib/gcc/arm-none-eabi/10.3.0/../../../../arm-none-eabi/lib/thumb\libc.a(lib_a-mlock.o)
                0x100087c4                __malloc_lock
                0x100087d4                __malloc_unlock
 .text          0x100087e4      0x5f0 c:/users/kevin/appdata/local/arduino15/packages/rp2040/tools/pqt-gcc/1.4.0-c-0196c06/bin/../lib/gcc/arm-none-eabi/10.3.0/../../../../arm-none-eabi/lib/thumb\libc.a(lib_a-nano-vfprintf_float.o)
                0x100087e4                __cvt
                0x100088aa                __exponent
                0x10008938                _printf_float
 .text          0x10008dd4      0x410 c:/users/kevin/appdata/local/arduino15/packages/rp2040/tools/pqt-gcc/1.4.0-c-0196c06/bin/../lib/gcc/arm-none-eabi/10.3.0/../../../../arm-none-eabi/lib/thumb\libc.a(lib_a-nano-vfprintf_i.o)
                0x10008dd4                _printf_common
                0x10008eb2                _printf_i
 .text          0x100091e4      0x410 c:/users/kevin/appdata/local/arduino15/packages/rp2040/tools/pqt-gcc/1.4.0-c-0196c06/bin/../lib/gcc/arm-none-eabi/10.3.0/../../../../arm-none-eabi/lib/thumb\libc.a(lib_a-nano-vfscanf_float.o)
                0x100091e4                _scanf_float
 .text          0x100095f4       0x54 c:/users/kevin/appdata/local/arduino15/packages/rp2040/tools/pqt-gcc/1.4.0-c-0196c06/bin/../lib/gcc/arm-none-eabi/10.3.0/../../../../arm-none-eabi/lib/thumb\libc.a(lib_a-printf.o)
                0x100095f4                _printf_r
                0x100095f4                _iprintf_r
                0x1000961c                iprintf
                0x1000961c                printf
 .text          0x10009648       0xe0 c:/users/kevin/appdata/local/arduino15/packages/rp2040/tools/pqt-gcc/1.4.0-c-0196c06/bin/../lib/gcc/arm-none-eabi/10.3.0/../../../../arm-none-eabi/lib/thumb\libc.a(lib_a-puts.o)
                0x10009648                _puts_r
                0x10009718                puts
 .text          0x10009728       0x24 c:/users/kevin/appdata/local/arduino15/packages/rp2040/tools/pqt-gcc/1.4.0-c-0196c06/bin/../lib/gcc/arm-none-eabi/10.3.0/../../../../arm-none-eabi/lib/thumb\libc.a(lib_a-sbrkr.o)
                0x10009728                _sbrk_r
 .text          0x1000974c        0x8 c:/users/kevin/appdata/local/arduino15/packages/rp2040/tools/pqt-gcc/1.4.0-c-0196c06/bin/../lib/gcc/arm-none-eabi/10.3.0/../../../../arm-none-eabi/lib/thumb\libc.a(lib_a-sf_nan.o)
                0x1000974c                nanf
 .text          0x10009754      0x136 c:/users/kevin/appdata/local/arduino15/packages/rp2040/tools/pqt-gcc/1.4.0-c-0196c06/bin/../lib/gcc/arm-none-eabi/10.3.0/../../../../arm-none-eabi/lib/thumb\libc.a(lib_a-signal.o)
                0x10009754                _init_signal_r
                0x1000977e                _signal_r
                0x100097b0                _raise_r
                0x10009804                __sigtramp_r
                0x1000984a                raise
                0x1000985a                signal
                0x1000986e                _init_signal
                0x1000987a                __sigtramp
 *fill*         0x1000988a        0x2 
 .text          0x1000988c       0x2c c:/users/kevin/appdata/local/arduino15/packages/rp2040/tools/pqt-gcc/1.4.0-c-0196c06/bin/../lib/gcc/arm-none-eabi/10.3.0/../../../../arm-none-eabi/lib/thumb\libc.a(lib_a-signalr.o)
                0x1000988c                _kill_r
                0x100098b0                _getpid_r
 .text          0x100098b8       0x78 c:/users/kevin/appdata/local/arduino15/packages/rp2040/tools/pqt-gcc/1.4.0-c-0196c06/bin/../lib/gcc/arm-none-eabi/10.3.0/../../../../arm-none-eabi/lib/thumb\libc.a(lib_a-sprintf.o)
                0x100098b8                _sprintf_r
                0x100098b8                _siprintf_r
                0x100098f0                siprintf
                0x100098f0                sprintf
 .text          0x10009930       0x9c c:/users/kevin/appdata/local/arduino15/packages/rp2040/tools/pqt-gcc/1.4.0-c-0196c06/bin/../lib/gcc/arm-none-eabi/10.3.0/../../../../arm-none-eabi/lib/thumb\libc.a(lib_a-stdio.o)
                0x10009930                __sread
                0x10009958                __seofread
                0x1000995c                __swrite
                0x10009994                __sseek
                0x100099c0                __sclose
 .text          0x100099cc        0xe c:/users/kevin/appdata/local/arduino15/packages/rp2040/tools/pqt-gcc/1.4.0-c-0196c06/bin/../lib/gcc/arm-none-eabi/10.3.0/../../../../arm-none-eabi/lib/thumb\libc.a(lib_a-strlen.o)
                0x100099cc                strlen
 *fill*         0x100099da        0x2 
 .text          0x100099dc      0xdfc c:/users/kevin/appdata/local/arduino15/packages/rp2040/tools/pqt-gcc/1.4.0-c-0196c06/bin/../lib/gcc/arm-none-eabi/10.3.0/../../../../arm-none-eabi/lib/thumb\libc.a(lib_a-strtod.o)
                0x10009a0c                _strtod_l
                0x1000a63c                _strtod_r
                0x1000a64c                strtod_l
                0x1000a664                strtod
                0x1000a680                strtof_l
                0x1000a72c                strtof
 .text          0x1000a7d8      0x154 c:/users/kevin/appdata/local/arduino15/packages/rp2040/tools/pqt-gcc/1.4.0-c-0196c06/bin/../lib/gcc/arm-none-eabi/10.3.0/../../../../arm-none-eabi/lib/thumb\libc.a(lib_a-strtol.o)
                0x1000a8f4                _strtol_r
                0x1000a8fc                strtol_l
                0x1000a914                strtol
 .text          0x1000a92c       0x4a c:/users/kevin/appdata/local/arduino15/packages/rp2040/tools/pqt-gcc/1.4.0-c-0196c06/bin/../lib/gcc/arm-none-eabi/10.3.0/../../../../arm-none-eabi/lib/thumb\libc.a(lib_a-vprintf.o)
                0x1000a92c                vprintf
                0x1000a92c                viprintf
                0x1000a952                _vprintf_r
                0x1000a952                _viprintf_r
 *fill*         0x1000a976        0x2 
 .text          0x1000a978       0x28 c:/users/kevin/appdata/local/arduino15/packages/rp2040/tools/pqt-gcc/1.4.0-c-0196c06/bin/../lib/gcc/arm-none-eabi/10.3.0/../../../../arm-none-eabi/lib/thumb\libc.a(lib_a-writer.o)
                0x1000a978                _write_r
 .text          0x1000a9a0       0x24 c:/users/kevin/appdata/local/arduino15/packages/rp2040/tools/pqt-gcc/1.4.0-c-0196c06/bin/../lib/gcc/arm-none-eabi/10.3.0/../../../../arm-none-eabi/lib/thumb\libc.a(lib_a-closer.o)
                0x1000a9a0                _close_r
 .text          0x1000a9c4      0xd4c c:/users/kevin/appdata/local/arduino15/packages/rp2040/tools/pqt-gcc/1.4.0-c-0196c06/bin/../lib/gcc/arm-none-eabi/10.3.0/../../../../arm-none-eabi/lib/thumb\libc.a(lib_a-dtoa.o)
                0x1000aada                _dtoa_r
 .text          0x1000b710      0x100 c:/users/kevin/appdata/local/arduino15/packages/rp2040/tools/pqt-gcc/1.4.0-c-0196c06/bin/../lib/gcc/arm-none-eabi/10.3.0/../../../../arm-none-eabi/lib/thumb\libc.a(lib_a-fclose.o)
                0x1000b710                _fclose_r
                0x1000b800                fclose
 .text          0x1000b810      0x1dc c:/users/kevin/appdata/local/arduino15/packages/rp2040/tools/pqt-gcc/1.4.0-c-0196c06/bin/../lib/gcc/arm-none-eabi/10.3.0/../../../../arm-none-eabi/lib/thumb\libc.a(lib_a-fflush.o)
                0x1000b810                __sflush_r
                0x1000b940                _fflush_r
                0x1000b9c4                fflush
 .text          0x1000b9ec      0x200 c:/users/kevin/appdata/local/arduino15/packages/rp2040/tools/pqt-gcc/1.4.0-c-0196c06/bin/../lib/gcc/arm-none-eabi/10.3.0/../../../../arm-none-eabi/lib/thumb\libc.a(lib_a-freer.o)
                0x1000b9ec                _malloc_trim_r
                0x1000ba88                _free_r
 .text          0x1000bbec      0x2d0 c:/users/kevin/appdata/local/arduino15/packages/rp2040/tools/pqt-gcc/1.4.0-c-0196c06/bin/../lib/gcc/arm-none-eabi/10.3.0/../../../../arm-none-eabi/lib/thumb\libc.a(lib_a-fvwrite.o)
                0x1000bbec                __sfvwrite_r
 .text          0x1000bebc      0x54c c:/users/kevin/appdata/local/arduino15/packages/rp2040/tools/pqt-gcc/1.4.0-c-0196c06/bin/../lib/gcc/arm-none-eabi/10.3.0/../../../../arm-none-eabi/lib/thumb\libc.a(lib_a-gdtoa-gethex.o)
                0x1000bf64                __hexdig_fun
                0x1000bf8e                __gethex
 .text          0x1000c408      0x19c c:/users/kevin/appdata/local/arduino15/packages/rp2040/tools/pqt-gcc/1.4.0-c-0196c06/bin/../lib/gcc/arm-none-eabi/10.3.0/../../../../arm-none-eabi/lib/thumb\libc.a(lib_a-gdtoa-hexnan.o)
                0x1000c42c                __match
                0x1000c454                __hexnan
 .text          0x1000c5a4       0x64 c:/users/kevin/appdata/local/arduino15/packages/rp2040/tools/pqt-gcc/1.4.0-c-0196c06/bin/../lib/gcc/arm-none-eabi/10.3.0/../../../../arm-none-eabi/lib/thumb\libc.a(lib_a-locale.o)
                0x1000c5a4                _setlocale_r
                0x1000c5e4                __locale_mb_cur_max
                0x1000c5f4                setlocale
 .text          0x1000c608       0x14 c:/users/kevin/appdata/local/arduino15/packages/rp2040/tools/pqt-gcc/1.4.0-c-0196c06/bin/../lib/gcc/arm-none-eabi/10.3.0/../../../../arm-none-eabi/lib/thumb\libc.a(lib_a-localeconv.o)
                0x1000c608                __localeconv_l
                0x1000c60c                _localeconv_r
                0x1000c614                localeconv
 .text          0x1000c61c       0x28 c:/users/kevin/appdata/local/arduino15/packages/rp2040/tools/pqt-gcc/1.4.0-c-0196c06/bin/../lib/gcc/arm-none-eabi/10.3.0/../../../../arm-none-eabi/lib/thumb\libc.a(lib_a-lseekr.o)
                0x1000c61c                _lseek_r
 .text          0x1000c644       0x38 c:/users/kevin/appdata/local/arduino15/packages/rp2040/tools/pqt-gcc/1.4.0-c-0196c06/bin/../lib/gcc/arm-none-eabi/10.3.0/../../../../arm-none-eabi/lib/thumb\libc.a(lib_a-mbtowc_r.o)
                0x1000c644                _mbtowc_r
                0x1000c658                __ascii_mbtowc
 .text          0x1000c67c      0x9c4 c:/users/kevin/appdata/local/arduino15/packages/rp2040/tools/pqt-gcc/1.4.0-c-0196c06/bin/../lib/gcc/arm-none-eabi/10.3.0/../../../../arm-none-eabi/lib/thumb\libc.a(lib_a-mprec.o)
                0x1000c67c                _Balloc
                0x1000c704                _Bfree
                0x1000c74c                __multadd
                0x1000c7d4                __s2b
                0x1000c86c                __hi0bits
                0x1000c8a0                __lo0bits
                0x1000c8fc                __i2b
                0x1000c928                __multiply
                0x1000ca88                __pow5mult
                0x1000cb40                __lshift
                0x1000cc1c                __mcmp
                0x1000cc52                __mdiff
                0x1000cd80                __ulp
                0x1000cdc8                __b2d
                0x1000ce68                __d2b
                0x1000cf30                __ratio
                0x1000cf82                _mprec_log10
                0x1000cfb8                __copybits
                0x1000cffa                __any_on
 .text          0x1000d040      0x404 c:/users/kevin/appdata/local/arduino15/packages/rp2040/tools/pqt-gcc/1.4.0-c-0196c06/bin/../lib/gcc/arm-none-eabi/10.3.0/../../../../arm-none-eabi/lib/thumb\libc.a(lib_a-nano-svfprintf.o)
                0x1000d040                __ssputs_r
                0x1000d104                __ssprint_r
                0x1000d204                _svfiprintf_r
                0x1000d204                _svfprintf_r
 .text          0x1000d444      0x3a4 c:/users/kevin/appdata/local/arduino15/packages/rp2040/tools/pqt-gcc/1.4.0-c-0196c06/bin/../lib/gcc/arm-none-eabi/10.3.0/../../../../arm-none-eabi/lib/thumb\libc.a(lib_a-nano-vfprintf.o)
                0x1000d46e                __sfputs_r
                0x1000d4b8                __sprint_r
                0x1000d520                _vfiprintf_r
                0x1000d520                _vfprintf_r
                0x1000d7d0                vfprintf
                0x1000d7d0                vfiprintf
 .text          0x1000d7e8       0x28 c:/users/kevin/appdata/local/arduino15/packages/rp2040/tools/pqt-gcc/1.4.0-c-0196c06/bin/../lib/gcc/arm-none-eabi/10.3.0/../../../../arm-none-eabi/lib/thumb\libc.a(lib_a-readr.o)
                0x1000d7e8                _read_r
 .text          0x1000d810      0x344 c:/users/kevin/appdata/local/arduino15/packages/rp2040/tools/pqt-gcc/1.4.0-c-0196c06/bin/../lib/gcc/arm-none-eabi/10.3.0/../../../../arm-none-eabi/lib/thumb\libc.a(lib_a-reallocr.o)
                0x1000d810                _realloc_r
 .text          0x1000db54        0xc c:/users/kevin/appdata/local/arduino15/packages/rp2040/tools/pqt-gcc/1.4.0-c-0196c06/bin/../lib/gcc/arm-none-eabi/10.3.0/../../../../arm-none-eabi/lib/thumb\libc.a(lib_a-s_nan.o)
                0x1000db54                nan
 .text          0x1000db60       0x14 c:/users/kevin/appdata/local/arduino15/packages/rp2040/tools/pqt-gcc/1.4.0-c-0196c06/bin/../lib/gcc/arm-none-eabi/10.3.0/../../../../arm-none-eabi/lib/thumb\libc.a(lib_a-strcmp.o)
                0x1000db60                strcmp
 .text          0x1000db74       0x24 c:/users/kevin/appdata/local/arduino15/packages/rp2040/tools/pqt-gcc/1.4.0-c-0196c06/bin/../lib/gcc/arm-none-eabi/10.3.0/../../../../arm-none-eabi/lib/thumb\libc.a(lib_a-strncmp.o)
                0x1000db74                strncmp
 .text          0x1000db98       0xe0 c:/users/kevin/appdata/local/arduino15/packages/rp2040/tools/pqt-gcc/1.4.0-c-0196c06/bin/../lib/gcc/arm-none-eabi/10.3.0/../../../../arm-none-eabi/lib/thumb\libc.a(lib_a-wbuf.o)
                0x1000db98                __swbuf_r
                0x1000dc64                __swbuf
 .text          0x1000dc78       0x2c c:/users/kevin/appdata/local/arduino15/packages/rp2040/tools/pqt-gcc/1.4.0-c-0196c06/bin/../lib/gcc/arm-none-eabi/10.3.0/../../../../arm-none-eabi/lib/thumb\libc.a(lib_a-wctomb_r.o)
                0x1000dc78                _wctomb_r
                0x1000dc88                __ascii_wctomb
 .text          0x1000dca4       0xec c:/users/kevin/appdata/local/arduino15/packages/rp2040/tools/pqt-gcc/1.4.0-c-0196c06/bin/../lib/gcc/arm-none-eabi/10.3.0/../../../../arm-none-eabi/lib/thumb\libc.a(lib_a-wsetup.o)
                0x1000dca4                __swsetup_r
 .text          0x1000dd90      0x120 c:/users/kevin/appdata/local/arduino15/packages/rp2040/tools/pqt-gcc/1.4.0-c-0196c06/bin/../lib/gcc/arm-none-eabi/10.3.0/../../../../arm-none-eabi/lib/thumb\libc.a(lib_a-fputwc.o)
                0x1000dd90                __fputwc
                0x1000de0c                _fputwc_r
                0x1000de62                fputwc
 .text          0x1000deb0       0xf0 c:/users/kevin/appdata/local/arduino15/packages/rp2040/tools/pqt-gcc/1.4.0-c-0196c06/bin/../lib/gcc/arm-none-eabi/10.3.0/../../../../arm-none-eabi/lib/thumb\libc.a(lib_a-makebuf.o)
                0x1000deb0                __swhatbuf_r
                0x1000df14                __smakebuf_r
 .text          0x1000dfa0       0x48 c:/users/kevin/appdata/local/arduino15/packages/rp2040/tools/pqt-gcc/1.4.0-c-0196c06/bin/../lib/gcc/arm-none-eabi/10.3.0/../../../../arm-none-eabi/lib/thumb\libc.a(lib_a-wcrtomb.o)
                0x1000dfa0                _wcrtomb_r
                0x1000dfd0                wcrtomb
 .text          0x1000dfe8       0x24 c:/users/kevin/appdata/local/arduino15/packages/rp2040/tools/pqt-gcc/1.4.0-c-0196c06/bin/../lib/gcc/arm-none-eabi/10.3.0/../../../../arm-none-eabi/lib/thumb\libc.a(lib_a-fstatr.o)
                0x1000dfe8                _fstat_r
 .text          0x1000e00c       0x24 c:/users/kevin/appdata/local/arduino15/packages/rp2040/tools/pqt-gcc/1.4.0-c-0196c06/bin/../lib/gcc/arm-none-eabi/10.3.0/../../../../arm-none-eabi/lib/thumb\libc.a(lib_a-isattyr.o)
                0x1000e00c                _isatty_r
 .text.__retarget_lock_init_recursive
                0x1000e030        0x8 d:\projectnightsky\BIG DRONE\new_fc_pico\.vscode\build/core\core.a(lock.cpp.o)
                0x1000e030                __retarget_lock_init_recursive
 .text.__retarget_lock_close_recursive
                0x1000e038        0x2 d:\projectnightsky\BIG DRONE\new_fc_pico\.vscode\build/core\core.a(lock.cpp.o)
                0x1000e038                __retarget_lock_close_recursive
 .text.__retarget_lock_acquire_recursive
                0x1000e03a        0x8 d:\projectnightsky\BIG DRONE\new_fc_pico\.vscode\build/core\core.a(lock.cpp.o)
                0x1000e03a                __retarget_lock_acquire_recursive
 .text.__retarget_lock_release_recursive
                0x1000e042        0x8 d:\projectnightsky\BIG DRONE\new_fc_pico\.vscode\build/core\core.a(lock.cpp.o)
                0x1000e042                __retarget_lock_release_recursive
 .text._write   0x1000e04a        0x4 d:\projectnightsky\BIG DRONE\new_fc_pico\.vscode\build/core\core.a(posix.cpp.o)
                0x1000e04a                _write
 *fill*         0x1000e04e        0x2 
 .text._close   0x1000e050       0x10 d:\projectnightsky\BIG DRONE\new_fc_pico\.vscode\build/core\core.a(posix.cpp.o)
                0x1000e050                _close
 .text._fstat   0x1000e060       0x10 d:\projectnightsky\BIG DRONE\new_fc_pico\.vscode\build/core\core.a(posix.cpp.o)
                0x1000e060                _fstat
 .text._getpid  0x1000e070       0x10 d:\projectnightsky\BIG DRONE\new_fc_pico\.vscode\build/core\core.a(posix.cpp.o)
                0x1000e070                _getpid
 .text._isatty  0x1000e080       0x10 d:\projectnightsky\BIG DRONE\new_fc_pico\.vscode\build/core\core.a(posix.cpp.o)
                0x1000e080                _isatty
 .text._kill    0x1000e090       0x10 d:\projectnightsky\BIG DRONE\new_fc_pico\.vscode\build/core\core.a(posix.cpp.o)
                0x1000e090                _kill
 .text._lseek   0x1000e0a0       0x10 d:\projectnightsky\BIG DRONE\new_fc_pico\.vscode\build/core\core.a(posix.cpp.o)
                0x1000e0a0                _lseek
 .text._read    0x1000e0b0        0x6 d:\projectnightsky\BIG DRONE\new_fc_pico\.vscode\build/core\core.a(posix.cpp.o)
                0x1000e0b0                _read
 *fill*         0x1000e0b6        0x2 
 .text.__wrap___aeabi_darithmetic
                0x1000e0b8       0x80 C:\Users\kevin\AppData\Local\Arduino15\packages\rp2040\hardware\rp2040\2.4.1/lib/libpico.a(double_aeabi.S.obj)
                0x1000e0b8                __wrap___aeabi_drsub
                0x1000e0be                __wrap___aeabi_dsub
                0x1000e0d0                __wrap___aeabi_dadd
                0x1000e0e2                __wrap___aeabi_ddiv
                0x1000e11e                __wrap___aeabi_dmul
 .text.__wrap___aeabi_cdcmple
                0x1000e138       0x6c C:\Users\kevin\AppData\Local\Arduino15\packages\rp2040\hardware\rp2040\2.4.1/lib/libpico.a(double_aeabi.S.obj)
                0x1000e138                __wrap___aeabi_cdrcmple
                0x1000e148                __wrap___aeabi_cdcmpeq
                0x1000e148                __wrap___aeabi_cdcmple
 .text.__wrap___aeabi_dcmpeq
                0x1000e1a4       0x10 C:\Users\kevin\AppData\Local\Arduino15\packages\rp2040\hardware\rp2040\2.4.1/lib/libpico.a(double_aeabi.S.obj)
                0x1000e1a4                __wrap___aeabi_dcmpeq
 .text.__wrap___aeabi_dcmplt
                0x1000e1b4        0xc C:\Users\kevin\AppData\Local\Arduino15\packages\rp2040\hardware\rp2040\2.4.1/lib/libpico.a(double_aeabi.S.obj)
                0x1000e1b4                __wrap___aeabi_dcmplt
 .text.__wrap___aeabi_dcmple
                0x1000e1c0       0x10 C:\Users\kevin\AppData\Local\Arduino15\packages\rp2040\hardware\rp2040\2.4.1/lib/libpico.a(double_aeabi.S.obj)
                0x1000e1c0                __wrap___aeabi_dcmple
 .text.__wrap___aeabi_dcmpge
                0x1000e1d0       0x10 C:\Users\kevin\AppData\Local\Arduino15\packages\rp2040\hardware\rp2040\2.4.1/lib/libpico.a(double_aeabi.S.obj)
                0x1000e1d0                __wrap___aeabi_dcmpge
 .text.__wrap___aeabi_dcmpgt
                0x1000e1e0        0xa C:\Users\kevin\AppData\Local\Arduino15\packages\rp2040\hardware\rp2040\2.4.1/lib/libpico.a(double_aeabi.S.obj)
                0x1000e1e0                __wrap___aeabi_dcmpgt
 .text.__wrap___aeabi_dcmpun
                0x1000e1ea       0x1c C:\Users\kevin\AppData\Local\Arduino15\packages\rp2040\hardware\rp2040\2.4.1/lib/libpico.a(double_aeabi.S.obj)
                0x1000e1ea                __wrap___aeabi_dcmpun
 *fill*         0x1000e206        0x2 
 .text.__wrap___aeabi_i2d
                0x1000e208       0x38 C:\Users\kevin\AppData\Local\Arduino15\packages\rp2040\hardware\rp2040\2.4.1/lib/libpico.a(double_aeabi.S.obj)
                0x1000e208                __wrap___aeabi_ui2d
                0x1000e210                __wrap___aeabi_i2d
 .text.__wrap___aeabi_d2iz
                0x1000e240       0x48 C:\Users\kevin\AppData\Local\Arduino15\packages\rp2040\hardware\rp2040\2.4.1/lib/libpico.a(double_aeabi.S.obj)
                0x1000e240                double2int_z
                0x1000e240                __wrap___aeabi_d2iz
 .text.__wrap___aeabi_d2uiz
                0x1000e288       0x18 C:\Users\kevin\AppData\Local\Arduino15\packages\rp2040\hardware\rp2040\2.4.1/lib/libpico.a(double_aeabi.S.obj)
                0x1000e288                __wrap___aeabi_d2uiz
                0x1000e288                double2uint
 .text.__wrap___aeabi_l2d
                0x1000e2a0       0x18 C:\Users\kevin\AppData\Local\Arduino15\packages\rp2040\hardware\rp2040\2.4.1/lib/libpico.a(double_aeabi.S.obj)
                0x1000e2a0                __wrap___aeabi_l2d
 .text.__wrap___aeabi_d2lz
                0x1000e2b8       0x26 C:\Users\kevin\AppData\Local\Arduino15\packages\rp2040\hardware\rp2040\2.4.1/lib/libpico.a(double_aeabi.S.obj)
                0x1000e2b8                double2int64_z
                0x1000e2b8                __wrap___aeabi_d2lz
 *fill*         0x1000e2de        0x2 
 .text.double2int64
                0x1000e2e0       0x18 C:\Users\kevin\AppData\Local\Arduino15\packages\rp2040\hardware\rp2040\2.4.1/lib/libpico.a(double_aeabi.S.obj)
                0x1000e2e0                double2int64
 .text.double2ufix64
                0x1000e2f8       0x18 C:\Users\kevin\AppData\Local\Arduino15\packages\rp2040\hardware\rp2040\2.4.1/lib/libpico.a(double_aeabi.S.obj)
                0x1000e2f8                double2ufix64
 .text.__wrap___aeabi_d2f
                0x1000e310       0x18 C:\Users\kevin\AppData\Local\Arduino15\packages\rp2040\hardware\rp2040\2.4.1/lib/libpico.a(double_aeabi.S.obj)
                0x1000e310                __wrap___aeabi_d2f
 .text.__aeabi_double_init
                0x1000e328       0x58 C:\Users\kevin\AppData\Local\Arduino15\packages\rp2040\hardware\rp2040\2.4.1/lib/libpico.a(double_init_rom.c.obj)
                0x1000e328                __aeabi_double_init
 .text.double_table_shim_on_use_helper
                0x1000e380       0x2c C:\Users\kevin\AppData\Local\Arduino15\packages\rp2040\hardware\rp2040\2.4.1/lib/libpico.a(double_v1_rom_shim.S.obj)
                0x1000e380                double_table_shim_on_use_helper
 .text.__wrap___aeabi_dsub
                0x1000e3ac       0x10 C:\Users\kevin\AppData\Local\Arduino15\packages\rp2040\hardware\rp2040\2.4.1/lib/libpico.a(double_v1_rom_shim.S.obj)
                0x1000e3ac                drsub_shim
                0x1000e3b2                dsub_shim
 .text.dadd_shim
                0x1000e3bc      0x15c C:\Users\kevin\AppData\Local\Arduino15\packages\rp2040\hardware\rp2040\2.4.1/lib/libpico.a(double_v1_rom_shim.S.obj)
                0x1000e3bc                dadd_shim
 .text.dmul_shim
                0x1000e518      0x15c C:\Users\kevin\AppData\Local\Arduino15\packages\rp2040\hardware\rp2040\2.4.1/lib/libpico.a(double_v1_rom_shim.S.obj)
                0x1000e518                dmul_shim
 .text.ddiv_shim
                0x1000e674      0x1b0 C:\Users\kevin\AppData\Local\Arduino15\packages\rp2040\hardware\rp2040\2.4.1/lib/libpico.a(double_v1_rom_shim.S.obj)
                0x1000e674                ddiv_shim
 .text.double2uint_shim
                0x1000e824        0xe C:\Users\kevin\AppData\Local\Arduino15\packages\rp2040\hardware\rp2040\2.4.1/lib/libpico.a(double_v1_rom_shim.S.obj)
                0x1000e824                double2uint_shim
                0x1000e826                double2ufix_shim
 .text.double2int64_shim
                0x1000e832       0x1a C:\Users\kevin\AppData\Local\Arduino15\packages\rp2040\hardware\rp2040\2.4.1/lib/libpico.a(double_v1_rom_shim.S.obj)
                0x1000e832                double2int64_shim
                0x1000e834                double2fix64_shim
 .text.double2uint64_shim
                0x1000e84c       0x70 C:\Users\kevin\AppData\Local\Arduino15\packages\rp2040\hardware\rp2040\2.4.1/lib/libpico.a(double_v1_rom_shim.S.obj)
                0x1000e84c                double2uint64_shim
                0x1000e84e                double2ufix64_shim
                0x1000e86e                d2fix_a
 .text.double2float_shim
                0x1000e8bc       0x5c C:\Users\kevin\AppData\Local\Arduino15\packages\rp2040\hardware\rp2040\2.4.1/lib/libpico.a(double_v1_rom_shim.S.obj)
                0x1000e8bc                double2float_shim
 .text.x2double_shims
                0x1000e918       0x90 C:\Users\kevin\AppData\Local\Arduino15\packages\rp2040\hardware\rp2040\2.4.1/lib/libpico.a(double_v1_rom_shim.S.obj)
                0x1000e918                uint2double_shim
                0x1000e91a                ufix2double_shim
                0x1000e920                int2double_shim
                0x1000e922                fix2double_shim
                0x1000e928                uint642double_shim
                0x1000e92a                ufix642double_shim
                0x1000e930                int642double_shim
                0x1000e932                fix642double_shim
 .text.dunpacks
                0x1000e9a8       0x3c C:\Users\kevin\AppData\Local\Arduino15\packages\rp2040\hardware\rp2040\2.4.1/lib/libpico.a(double_v1_rom_shim.S.obj)
                0x1000e9a8                dunpacks
 .text.__wrap___aeabi_cfcmple
                0x1000e9e4       0x50 C:\Users\kevin\AppData\Local\Arduino15\packages\rp2040\hardware\rp2040\2.4.1/lib/libpico.a(float_aeabi.S.obj)
                0x1000e9e4                __wrap___aeabi_cfrcmple
                0x1000e9f0                __wrap___aeabi_cfcmple
                0x1000e9f0                __wrap___aeabi_cfcmpeq
 .text.__wrap___aeabi_fcmple
                0x1000ea34       0x10 C:\Users\kevin\AppData\Local\Arduino15\packages\rp2040\hardware\rp2040\2.4.1/lib/libpico.a(float_aeabi.S.obj)
                0x1000ea34                __wrap___aeabi_fcmple
 .text.__wrap___aeabi_fcmpun
                0x1000ea44       0x18 C:\Users\kevin\AppData\Local\Arduino15\packages\rp2040\hardware\rp2040\2.4.1/lib/libpico.a(float_aeabi.S.obj)
                0x1000ea44                __wrap___aeabi_fcmpun
 .text.__aeabi_float_init
                0x1000ea5c       0x5c C:\Users\kevin\AppData\Local\Arduino15\packages\rp2040\hardware\rp2040\2.4.1/lib/libpico.a(float_init_rom.c.obj)
                0x1000ea5c                __aeabi_float_init
 .text.float_table_shim_on_use_helper
                0x1000eab8       0x2c C:\Users\kevin\AppData\Local\Arduino15\packages\rp2040\hardware\rp2040\2.4.1/lib/libpico.a(float_v1_rom_shim.S.obj)
                0x1000eab8                float_table_shim_on_use_helper
 *(.fini)
 .fini          0x1000eae4        0x4 c:/users/kevin/appdata/local/arduino15/packages/rp2040/tools/pqt-gcc/1.4.0-c-0196c06/bin/../lib/gcc/arm-none-eabi/10.3.0/thumb/crti.o
                0x1000eae4                _fini
 .fini.__stub   0x1000eae8       0xe0 linker stubs
 *crtbegin.o(.ctors)
 *crtbegin?.o(.ctors)
 *(EXCLUDE_FILE(*crtend.o *crtend?.o) .ctors)
 *(SORT_BY_NAME(.ctors.*))
 *(.ctors)
 *crtbegin.o(.dtors)
 *crtbegin?.o(.dtors)
 *(EXCLUDE_FILE(*crtend.o *crtend?.o) .dtors)
 *(SORT_BY_NAME(.dtors.*))
 *(.dtors)
 *(.eh_frame*)
 .eh_frame      0x1000ebc8        0x0 c:/users/kevin/appdata/local/arduino15/packages/rp2040/tools/pqt-gcc/1.4.0-c-0196c06/bin/../lib/gcc/arm-none-eabi/10.3.0/thumb/crtbegin.o
                0x1000ebc8                . = ALIGN (0x4)

.glue_7         0x1000ebc8        0x0
 .glue_7        0x1000ebc8        0x0 linker stubs

.glue_7t        0x1000ebc8        0x0
 .glue_7t       0x1000ebc8        0x0 linker stubs

.vfp11_veneer   0x1000ebc8        0x0
 .vfp11_veneer  0x1000ebc8        0x0 linker stubs

.v4_bx          0x1000ebc8        0x0
 .v4_bx         0x1000ebc8        0x0 linker stubs

.iplt           0x1000ebc8        0x0
 .iplt          0x1000ebc8        0x0 c:/users/kevin/appdata/local/arduino15/packages/rp2040/tools/pqt-gcc/1.4.0-c-0196c06/bin/../lib/gcc/arm-none-eabi/10.3.0/thumb/crtbegin.o

.rodata         0x1000ebc8      0x85c
 *(EXCLUDE_FILE(*libm.a: *libc.a:*lib_a-mem*.o *libgcc.a:) .rodata* .big_const*)
 .rodata.main.str1.1
                0x1000ebc8       0x32 d:\projectnightsky\BIG DRONE\new_fc_pico\.vscode\build/core\core.a(main.cpp.o)
 .rodata._ZL14ccount_program
                0x1000ebfa        0x6 d:\projectnightsky\BIG DRONE\new_fc_pico\.vscode\build/core\core.a(main.cpp.o)
 .rodata._ZL27ccount_program_instructions
                0x1000ec00        0x4 d:\projectnightsky\BIG DRONE\new_fc_pico\.vscode\build/core\core.a(main.cpp.o)
 .rodata.noInterrupts.str1.1
                0x1000ec04       0x30 d:\projectnightsky\BIG DRONE\new_fc_pico\.vscode\build/core\core.a(wiring_private.cpp.o)
 .rodata._ZL20update_us_since_bootP15absolute_time_ty.part.0.str1.1
                0x1000ec34       0xd1 d:\projectnightsky\BIG DRONE\new_fc_pico\.vscode\build/core\core.a(RP2040USB.cpp.o)
 .rodata.str1.1
                0x1000ed05       0x23 d:\projectnightsky\BIG DRONE\new_fc_pico\.vscode\build/core\core.a(RP2040USB.cpp.o)
                                 0x24 (size before relaxing)
 .rodata        0x1000ed28      0x123 d:\projectnightsky\BIG DRONE\new_fc_pico\.vscode\build/core\core.a(RP2040USB.cpp.o)
 *fill*         0x1000ee4b        0x1 
 .rodata._ZZ24tud_descriptor_string_cbE13usbd_desc_str
                0x1000ee4c       0x14 d:\projectnightsky\BIG DRONE\new_fc_pico\.vscode\build/core\core.a(RP2040USB.cpp.o)
 .rodata._ZTV9SerialUSB
                0x1000ee60       0x34 d:\projectnightsky\BIG DRONE\new_fc_pico\.vscode\build/core\core.a(SerialUSB.cpp.o)
                0x1000ee60                _ZTV9SerialUSB
 .rodata.spin_lock_claim_unused.str1.1
                0x1000ee94       0x1b C:\Users\kevin\AppData\Local\Arduino15\packages\rp2040\hardware\rp2040\2.4.1/lib/libpico.a(sync.c.obj)
 .rodata.user_irq_claim_unused.str1.1